[web/index.html]
[backblue.gif]
[fade.gif]
[index.html]
[web/images/mobirise-icons.css]
[web/images/style.css]
[web/images/bootstrap.min.css]
[web/images/bootstrap-grid.min.css]
[web/images/bootstrap-reboot.min.css]
[web/images/tether.min.css]
[web/images/style-2.css]
[web/images/progress.min.css]
[web/images/styles.css]
[web/images/style-3.css]
[web/images/mbr-additional1b26.css]
[web/images/baguettebox.min.css]
[web/images/logo.png]
[web/arthropoda.html]
[web/arachnida.html]
[web/crustacea.html]
[web/insecta.html]
[web/chordata.html]
[web/actinopterygii.html]
[web/amphibia.html]
[web/aves.html]
[web/chondrichthyes.html]
[web/mammalia.html]
[web/reptilia.html]
[web/cnidaria.html]
[web/anthozoa.html]
[web/mollusca.html]
[web/gastropoda.html]
[web/extinto.html]
[web/extinto-en-estado-silvestre.html]
[web/extinto-a-nivel-regional.html]
[web/en-peligro-critico.html]
[web/en-peligro.html]
[web/vulnerable.html]
[web/casi-amenazado.html]
[web/preocupacion-menor.html]
[web/datos-insuficientes.html]
[web/no-aplicable.html]
[web/no-evaluado.html]
[web/categorias.html]
[web/estatus.html]
[web/referencias.html]
[web/quienes-somos.html]
[web/creditos.html]
[web/contactenos.html]
[web/images/vkfgy7djbnnhre3ctfdx074b3.jpg]
[web/sapito-rugoso-del-ilu.html]
[web/images/bnlbmatpe6rhobbyyoej7e39o.jpg]
[web/pato-de-torrentes.html]
[web/images/nwebawn4sbprj5cjffvwtpmzk.jpg]
[web/manati.html]
[web/images/e3g8wrycg1kizpxklyxtk7uiq.jpg]
[web/jaguar.html]
[web/images/hmrcugj7yibjkrderrlvhu6j0.jpg]
[web/cotorra-cabeciamarilla.html]
[web/images/extinto.png]
[web/images/extinto-en-estado-silvestre.png]
[web/images/extinto-a-nivel-regional.png]
[web/images/en-peligro-critico.png]
[web/images/en-peligro.png]
[web/images/vulnerable.png]
[web/images/casi-amenazado.png]
[web/images/preocupacion-menor.png]
[web/images/datos-insuficientes.png]
[web/images/no-aplicable.png]
[web/images/no-evaluado.png]
[web/images/provita-libro-rojo-fauna-venezolana-4ed-2015.zip]
[web/images/logo-fundacion-empresas-polar-gris.png]
[web/images/logo-provita-gris.png]
[web/images/nexus-radical.png]
[web/images/jquery.min.js]
[web/images/popper.min.js]
[web/images/bootstrap.min.js]
[web/images/smooth-scroll.js]
[web/images/tether.min.js]
[web/images/nav-dropdown.js]
[web/images/navbar-dropdown.js]
[web/images/jquery.mb.ytplayer.min.js]
[web/images/jquery.mb.vimeo_player.js]
[web/images/jarallax.min.js]
[web/images/bootstrap-carousel-swipe.js]
[web/images/mbr-popup-btns.js]
[web/images/jquery.touch-swipe.min.js]
[web/images/jquery.viewportchecker.js]
[web/images/script.js]
[web/images/script-2.js]
[web/images/jquery-as-pie-progress.min.js]
[web/images/baguettebox.min.js]
[web/index.html]
[web/logo.html]
[web/images/mobirise-icons0e1c.eot]
[web/images/mobirise-icons0e1c.ttf]
[web/images/mobirise-icons0e1c.woff]
[web/images/mobirise-icons.css]
[web/images/style.css]
[web/images/bootstrap.min.css]
[web/images/bootstrap-grid.min.css]
[web/images/bootstrap-reboot.min.css]
[web/images/tether.min.css]
[web/images/style-2.css]
[web/images/progress.min.css]
[web/images/socicon.eot]
[web/images/socicond41d.eot]
[web/images/socicon.ttf]
[web/images/socicon.woff]
[web/images/styles.css]
[web/images/style-3.css]
[web/images/bienvenido.jpg]
[web/images/mbr-additional1b26.css]
[web/images/baguettebox.min.css]
[web/andina-de-francisco-fernandez-yepez.html]
[web/images/manerebia_franciscae_imagen_02.jpg]
[web/andina-pluviosa-del-tama.html]
[web/images/manerebia_pluviosa_imagen_02.jpg]
[web/arana-latigo-cavernicola-de-la-sierra-de-san-luis.html]
[web/images/charinus_tronchonii_imagen_02.jpg]
[web/camaroncito-de-rio-de-la-gran-sabana.html]
[web/images/euryrhynchus_pemoni_imagen_02.jpg]
[web/camaroncito-de-rio-de-rancho-grande.html]
[web/images/atya_dressleri_imagen_02.jpg]
[web/camaroncito-de-rio-del-lago-de-valencia.html]
[web/images/macrobrachium_reyesi_imagen_02.jpg]
[web/camaroncito-del-rio-aguaro.html]
[web/images/macrobrachium_pumilum_imagen_02.jpg]
[web/camaroncito-del-rio-caris.html]
[web/images/macrobrachium_rodriguezi_imagen_02.jpg]
[web/cangrejo-cavernicola-de-mesa-turik.html]
[web/images/chaceus_turikensis_imagen_02.jpg]
[web/cangrejo-de-tierra.html]
[web/images/cardisoma_guanhumi_imagen_02.jpg]
[web/arthropoda4658.html]
[web/arthropoda9ba9.html]
[web/arthropodafdb0.html]
[web/arthropodaaf4d.html]
[web/arthropodac575.html]
[web/arthropoda235c.html]
[web/arthropoda.html]
[web/tarantula-azul-de-paraguana.html]
[web/images/xcnxr47adnp4brvcnxurwtwwk.jpg]
[web/arachnida.html]
[web/cangrejo-troglobio-de-perija.html]
[web/images/chaceus_caecus_imagen_02.jpg]
[web/isopodo-ciego-de-la-cueva-de-toromo.html]
[web/images/zulialana_coalescens_imagen_02.jpg]
[web/langosta-espinosa.html]
[web/images/panulirus_argus_imagen_02.jpg]
[web/crustacea.html]
[web/catopido-ciego-de-la-cueva-del-guacharo.html]
[web/images/neotropospeonella_decui_imagen_02.jpg]
[web/cola-de-hoja-del-tama.html]
[web/images/phyllogomphoides_brunneus_imagen_02.jpg]
[web/corsario-de-san-esteban.html]
[web/images/archilestes_tuberalatus_imagen_02.jpg]
[web/cucaracha-ciega-venezolana.html]
[web/images/paranocticola_venezuelana_imagen_02.jpg]
[web/diafano-de-huber.html]
[web/images/diaphanos_huberi_imagen_02.jpg]
[web/diafano-de-niquitao.html]
[web/images/diaphanos_curvignathos_imagen_02.jpg]
[web/diafano-del-cende.html]
[web/images/diaphanos_fuscus_imagen_02.jpg]
[web/duende-de-guaramacal.html]
[web/images/steromapedaliodes_schuberti_imagen_02.jpg]
[web/insecta4658.html]
[web/insecta9ba9.html]
[web/insectafdb0.html]
[web/insectaaf4d.html]
[web/insectac575.html]
[web/insecta.html]
[web/aguila-arpia.html]
[web/images/harpia_harpyja_imagen_02.jpg]
[web/aguila-monera.html]
[web/images/morphnus_guianensis_imagen_02.jpg]
[web/aguila-solitaria.html]
[web/images/buteogallus_solitarius_imagen_02.jpg]
[web/aguja-blanca.html]
[web/images/kajikia_albida_imagen_02.jpg]
[web/aguja-de-los-andes.html]
[web/images/farlowella_curtirostra_imagen_02.jpg]
[web/aguja-de-maracaibo.html]
[web/images/farlowella_taphorni_imagen_02.jpg]
[web/aguja-del-aroa.html]
[web/images/farlowella_martini_imagen_02.jpg]
[web/anadia-de-blake.html]
[web/images/anadia_blakei_imagen_02.jpg]
[web/anadia-de-paria.html]
[web/images/anadia_pariaensis_imagen_02.jpg]
[web/ancistrus-de-falcon.html]
[web/images/ancistrus_falconensis_imagen_02.jpg]
[web/chordata4658.html]
[web/chordata9ba9.html]
[web/chordatafdb0.html]
[web/chordataaf4d.html]
[web/chordatac575.html]
[web/chordata235c.html]
[web/chordatafdfa.html]
[web/chordatae4a7.html]
[web/chordata3c09.html]
[web/chordata.html]
[web/atun-albacora.html]
[web/images/thunnus_alalunga_imagen_02.jpg]
[web/atun-ojo-gordo.html]
[web/images/thunnus_obesus_imagen_02.jpg]
[web/babosito-de-los-andes.html]
[web/images/astroblepus_phelpsi_imagen_02.jpg]
[web/babosito-del-albarregas.html]
[web/images/astroblepus_orientalis_imagen_02.jpg]
[web/bagre-ciego-del-motatan.html]
[web/images/cetopsis_motatanensis_imagen_02.jpg]
[web/actinopterygii4658.html]
[web/actinopterygii9ba9.html]
[web/actinopterygiifdb0.html]
[web/actinopterygiiaf4d.html]
[web/actinopterygii.html]
[web/rana-arboricola-del-socopo.html]
[web/images/dendropsophus_amicorum_imagen_02.jpg]
[web/rana-dorada-arboricola.html]
[web/images/phytotriades_auratus_imagen_02.jpg]
[web/rana-estefania-del-aprada-tepui.html]
[web/images/stefania_satelles_imagen_02.jpg]
[web/rana-estefania-del-yuruani.html]
[web/images/stefania_riveroi_imagen_02.jpg]
[web/rana-lemur-de-henri-pittier.html]
[web/images/agalychnis_medinae_imagen_02.jpg]
[web/rana-mapurite.html]
[web/images/aromobates_nocturnus_imagen_02.jpg]
[web/rana-marsupial-de-perija.html]
[web/images/cryptobatrachus_remotus_imagen_02.jpg]
[web/ranita-con-collar-de-merida.html]
[web/images/mannophryne_collaris_imagen_02.jpg]
[web/ranita-de-cristal-del-avila.html]
[web/images/hyalinobatrachium_guairarepanensis_imagen_02.jpg]
[web/ranita-de-lluvia-de-caracas.html]
[web/images/pristimantis_bicumulus_imagen_02.jpg]
[web/amphibia4658.html]
[web/amphibia9ba9.html]
[web/amphibiafdb0.html]
[web/amphibiaaf4d.html]
[web/amphibia.html]
[web/angel-del-sol-de-merida.html]
[web/images/heliangelus_spencei_imagen_02.jpg]
[web/atrapamoscas-de-caripe.html]
[web/images/phyllomyias_urichi_imagen_02.jpg]
[web/buscador-lomipizarra.html]
[web/images/hemispingus_goeringi_imagen_02.jpg]
[web/candelita-de-paria.html]
[web/images/myioborus_pariae_imagen_02.jpg]
[web/cardenalito.html]
[web/images/sporagra_cucullata_imagen_03.jpg]
[web/carpintero-gigante.html]
[web/images/campephilus_pollens_imagen_02.jpg]
[web/chicaguire.html]
[web/images/chauna_chavaria_imagen_02.jpg]
[web/aves4658.html]
[web/aves9ba9.html]
[web/avesfdb0.html]
[web/avesaf4d.html]
[web/aves.html]
[web/chucho-pintado.html]
[web/images/aetobatus_narinari_imagen_02.jpg]
[web/cornuda-aletona.html]
[web/images/sphyrna_mokarran_imagen_02.jpg]
[web/cornuda-comun.html]
[web/images/sphyrna_lewini_imagen_02.jpg]
[web/pez-sierra.html]
[web/images/pristis_pectinata_pristis_pristis_imagen_02.jpg]
[web/tiburon-azul.html]
[web/images/prionace_glauca_imagen_02.jpg]
[web/tiburon-bobo.html]
[web/images/carcharhinus_falciformis_imagen_02.jpg]
[web/tiburon-carite.html]
[web/images/isurus_oxyrinchus_imagen_02.jpg]
[web/tiburon-de-noche.html]
[web/images/carcharhinus_signatus_imagen_02.jpg]
[web/tiburon-macuira.html]
[web/images/carcharhinus_limbatus_imagen_02.jpg]
[web/tiburon-puntas-blancas-oceanico.html]
[web/images/carcharhinus_longimanus_imagen_02.jpg]
[web/chondrichthyes4658.html]
[web/chondrichthyes.html]
[web/ballena-jorobada.html]
[web/images/megaptera_novaeangliae_imagen_02.jpg]
[web/ballena-rorcual-comun.html]
[web/images/balaenoptera_physalus_imagen_02.jpg]
[web/cachalote.html]
[web/images/physeter_macrocephalus_imagen_02.jpg]
[web/canarete.html]
[web/images/oieye76nokbcdjfmckweyzvck.jpg]
[web/comadrejita-de-cabeza-estrecha.html]
[web/images/marmosops_cracens_imagen_02.jpg]
[web/comadrejita-musarana-andina.html]
[web/images/caenolestes_fuliginosus_imagen_02.jpg]
[web/comadrejita-ratona-de-ojasti.html]
[web/images/marmosops_ojastii_imagen_02.jpg]
[web/cunaguaro.html]
[web/images/leopardus_pardalis_imagen_02.jpg]
[web/cuspon.html]
[web/images/priodontes_maximus_imagen_02.jpg]
[web/danta.html]
[web/images/tapirus_terrestris_imagen_02.jpg]
[web/mammalia4658.html]
[web/mammalia9ba9.html]
[web/mammaliafdb0.html]
[web/mammaliaaf4d.html]
[web/mammalia.html]
[web/anolis-de-mesa-turik.html]
[web/images/anolis_euskalerriari_imagen_02.jpg]
[web/anolis-del-tetari.html]
[web/images/anolis_tetarii_imagen_02.jpg]
[web/cabezon.html]
[web/images/peltocephalus_dumerilianus_imagen_02.jpg]
[web/cabezon-del-zulia.html]
[web/images/sdudya44jjnevsd8lz1gmv1dr.jpg]
[web/caiman-de-la-costa.html]
[web/images/crocodylus_acutus_imagen_02.jpg]
[web/caiman-del-orinoco.html]
[web/images/crocodylus_intermedius_imagen_02.jpg]
[web/cardon.html]
[web/images/dermochelys_coriacea_imagen_02.jpg]
[web/carey.html]
[web/images/eretmochelys_imbricata_imagen_02.jpg]
[web/reptilia4658.html]
[web/reptilia9ba9.html]
[web/reptilia.html]
[web/coral-cacho-de-alce.html]
[web/images/acropora_palmata_imagen_02.jpg]
[web/coral-cacho-de-venado.html]
[web/images/acropora_cervicornis_imagen_02.jpg]
[web/coral-pilar-estrella.html]
[web/images/orbicella_annularis_imagen_02.jpg]
[web/cnidaria.html]
[web/anthozoa.html]
[web/botuto.html]
[web/images/lobatus_gigas_imagen_02.jpg]
[web/caracol-pentagrama.html]
[web/images/voluta_musica_imagen_02.jpg]
[web/caracol-porcelana.html]
[web/images/muracypraea_mus_imagen_02.jpg]
[web/quigua.html]
[web/images/cittarium_pica_imagen_02.jpg]
[web/mollusca.html]
[web/gastropoda.html]
[web/corroncho-desnudo-del-lago-de-valencia.html]
[web/images/lithogenes_valencia_imagen_02.jpg]
[web/sapito-arlequin-amarillo-de-maracay.html]
[web/images/atelopus_vogli_imagen_02.jpg]
[web/extinto.html]
[web/extinto-en-estado-silvestre.html]
[web/zorzal.html]
[web/images/margarops_fuscatus_imagen_02.jpg]
[web/extinto-a-nivel-regional.html]
[web/condor.html]
[web/images/vultur_gryphus_imagen_02.jpg]
[web/corroncho-del-tuy.html]
[web/images/cordylancistrus_nephelion_imagen_02.jpg]
[web/duende-de-los-paramos.html]
[web/images/steromapedaliodes_sanchezi_imagen_02.jpg]
[web/hormiguero-tororoi-tachirense.html]
[web/images/twbxpulbkw2mndr9srym0avrl.jpg]
[web/images/trichechus_manatus_imagen_02.jpg]
[web/mariposa-manchada-del-tama.html]
[web/images/pedaliodes_valencia_imagen_02.jpg]
[web/mariposa-paramera-del-cende.html]
[web/images/redonda_leukasmena_imagen_02.jpg]
[web/mero-guasa.html]
[web/images/epinephelus_itajara_imagen_02.jpg]
[web/en-peligro-critico4658.html]
[web/en-peligro-critico9ba9.html]
[web/en-peligro-critico.html]
[web/en-peligro4658.html]
[web/en-peligro9ba9.html]
[web/en-peligrofdb0.html]
[web/en-peligroaf4d.html]
[web/en-peligroc575.html]
[web/en-peligro235c.html]
[web/en-peligrofdfa.html]
[web/en-peligro1c8b.html]
[web/en-peligroce37.html]
[web/en-peligro.html]
[web/vulnerable4658.html]
[web/vulnerable9ba9.html]
[web/vulnerablefdb0.html]
[web/vulnerableaf4d.html]
[web/vulnerablec575.html]
[web/vulnerable235c.html]
[web/vulnerablefdfa.html]
[web/vulnerable8c93.html]
[web/vulnerablea7f1.html]
[web/vulnerable.html]
[web/casi-amenazado.html]
[web/preocupacion-menor.html]
[web/datos-insuficientes.html]
[web/no-aplicable.html]
[web/no-evaluado.html]
[web/categorias.html]
[web/images/image-1.jpg]
[web/images/image-2.jpg]
[web/images/image-3.jpg]
[web/images/image-4.jpg]
[web/images/image-5.jpg]
[web/images/image-6.jpg]
[web/estatus.html]
[web/referencias4658.html]
[web/referencias9ba9.html]
[web/referenciasfdb0.html]
[web/referenciasaf4d.html]
[web/referenciasc575.html]
[web/referencias235c.html]
[web/referenciasfdfa.html]
[web/referencias62e8.html]
[web/referenciasda81.html]
[web/referencias.html]
[web/images/logo-fundacion-empresas-polar.png]
[web/images/logo-provita.png]
[web/quienes-somos.html]
[web/images/creativecommons.png]
[web/creditos.html]
[web/contactenos.html]
[web/anura.html]
[web/bufonidae.html]
[web/oreophrynella.html]
[web/images/oreophrynella_vasquezi_imagen_02.jpg]
[web/images/oreophrynella_vasquezi_mapa_02.jpg]
[web/sapito-rugoso-del-ilu.html]
[web/anseriformes.html]
[web/anatidae.html]
[web/merganetta.html]
[web/images/merganetta_armata_imagen_02.jpg]
[web/images/merganetta_armata_mapa_03.jpg]
[web/pato-de-torrentes.html]
[web/sirenia.html]
[web/trichechidae.html]
[web/trichechus.html]
[web/images/trichechus_manatus_mapa_03.jpg]
[web/manati.html]
[web/carnivora.html]
[web/felidae.html]
[web/panthera.html]
[web/images/panthera_onca_imagen_02.jpg]
[web/images/panthera_onca_mapa_03.jpg]
[web/jaguar.html]
[web/psittaciformes.html]
[web/psittacidae.html]
[web/amazona.html]
[web/images/amazona_barbadensis_imagen_02.jpg]
[web/images/amazona_barbadensis_mapa_03.jpg]
[web/cotorra-cabeciamarilla.html]
[web/images/icon-arthropoda.svg]
[web/images/icon-chordata.svg]
[web/images/icon-cnidaria.svg]
[web/images/icon-mollusca.svg]
[web/images/mobirise-icons0e1c.svg]
[web/socicon.html]
[web/images/socicon.svg]
[web/lepidoptera.html]
[web/nymphalidae.html]
[web/manerebia.html]
[web/images/manerebia_franciscae_mapa_02.jpg]
[web/andina-de-francisco-fernandez-yepez.html]
[web/images/manerebia_pluviosa_mapa_02.jpg]
[web/andina-pluviosa-del-tama.html]
[web/amblypygi.html]
[web/charinidae.html]
[web/charinus.html]
[web/images/charinus_tronchonii_mapa_02.jpg]
[web/arana-latigo-cavernicola-de-la-sierra-de-san-luis.html]
[web/decapoda.html]
[web/palaemonidae.html]
[web/euryrhynchus.html]
[web/images/euryrhynchus_pemoni_mapa_02.jpg]
[web/camaroncito-de-rio-de-la-gran-sabana.html]
[web/atyidae.html]
[web/atya.html]
[web/images/atya_dressleri_mapa_02.jpg]
[web/camaroncito-de-rio-de-rancho-grande.html]
[web/macrobrachium.html]
[web/images/macrobrachium_reyesi_mapa_02.jpg]
[web/camaroncito-de-rio-del-lago-de-valencia.html]
[web/images/macrobrachium_pumilum_mapa_02.jpg]
[web/camaroncito-del-rio-aguaro.html]
[web/images/macrobrachium_rodriguezi_mapa_02.jpg]
[web/camaroncito-del-rio-caris.html]
[web/pseudothelphusidae.html]
[web/chaceus.html]
[web/images/chaceus_turikensis_mapa_02.jpg]
[web/cangrejo-cavernicola-de-mesa-turik.html]
[web/gecarcinidae.html]
[web/cardisoma.html]
[web/images/cardisoma_guanhumi_mapa_02.jpg]
[web/cangrejo-de-tierra.html]
[web/duende-de-la-cordillera.html]
[web/images/steromapedaliodes_albonotata_imagen_02.jpg]
[web/arthropoda2679.html]
[web/arthropoda4658.html]
[web/elfo-de-aroa.html]
[web/images/philogenia_polyxena_imagen_02.jpg]
[web/elfo-de-paria.html]
[web/images/sciotropis_lattkei_imagen_02.jpg]
[web/elfo-feroz.html]
[web/images/philogenia_ferox_imagen_02.jpg]
[web/elfo-menor.html]
[web/images/sciotropis_cyclanthorum_imagen_02.jpg]
[web/escarabajito-paramero-de-mucuchies.html]
[web/images/ateuchus_ambiguus_imagen_02.jpg]
[web/escarabajo-ciego-de-la-cueva-de-hueque.html]
[web/images/trogloguignotus_concii_imagen_02.jpg]
[web/escarabajo-estercolero-de-maracaibo.html]
[web/heliconio-verde-de-brown.html]
[web/images/philaethria_browni_imagen_02.jpg]
[web/heliconio-verde-de-romero.html]
[web/images/philaethria_romeroi_imagen_02.jpg]
[web/arthropoda9ba9.html]
[web/hojarasquito-de-pipe.html]
[web/images/canthonella_gomezi_imagen_02.jpg]
[web/hojarasquito-nublado.html]
[web/images/cryptocanthon_nebulinus_imagen_02.jpg]
[web/hojarasquito-puntuado.html]
[web/images/cryptocanthon_punctatus_imagen_02.jpg]
[web/licenido-blanco-mimetico-de-chacaito.html]
[web/images/ministrymon_albimimicus_imagen_02.jpg]
[web/licenido-de-escuque.html]
[web/images/theorema_pyrczia_imagen_02.jpg]
[web/mariposa-aurinegra-del-tama.html]
[web/images/catasticta_revancha_imagen_02.jpg]
[web/mariposa-braquiptera-de-bordon.html]
[web/images/redonda_bordoni_imagen_02.jpg]
[web/mariposa-braquiptera-de-la-culata.html]
[web/images/redonda_empetrus_imagen_02.jpg]
[web/arthropodafdb0.html]
[web/mariposa-de-dietz.html]
[web/images/lymanopoda_dietzi_imagen_02.jpg]
[web/mariposa-hesperide-altiandina.html]
[web/images/ardaris_eximia_imagen_02.jpg]
[web/mariposa-hesperide-paramera.html]
[web/images/ardaris_hantra_imagen_02.jpg]
[web/mariposa-mariana.html]
[web/images/lymanopoda_marianna_imagen_02.jpg]
[web/mariposa-marron-de-albarregas.html]
[web/images/steromapedaliodes_albarregas_imagen_02.jpg]
[web/mariposa-marron-de-las-alturas-del-tama.html]
[web/images/altopedaliodes_tamaensis_imagen_02.jpg]
[web/mariposa-marron-de-perija.html]
[web/images/dangond_dangondi_imagen_02.jpg]
[web/mariposa-marron-oscura-de-venezuela.html]
[web/images/pedaliodes_pisonia_imagen_02.jpg]
[web/mariposa-oriental.html]
[web/images/lymanopoda_orientalis_imagen_02.jpg]
[web/arthropodaaf4d.html]
[web/mariposa-oscura-mayor.html]
[web/images/pronophila_obscura_imagen_02.jpg]
[web/mariposa-paramera-centenaria.html]
[web/images/redonda_centenaria_imagen_02.jpg]
[web/mariposa-paramera-de-los-frailes.html]
[web/images/redonda_frailejona_imagen_02.jpg]
[web/mariposa-paramera-de-lossada.html]
[web/images/redonda_lossadana_imagen_02.jpg]
[web/mariposa-paramera-de-mucubaji.html]
[web/images/redonda_chiquinquirana_imagen_02.jpg]
[web/mariposa-paramera-de-rafael-ramon-castellanos.html]
[web/images/redonda_castellana_imagen_02.jpg]
[web/mariposita-blanca-del-paramo.html]
[web/images/lymanopoda_paramera_imagen_02.jpg]
[web/mariposita-paramera.html]
[web/images/hylephila_ignorans_imagen_02.jpg]
[web/riegapozo-colorado.html]
[web/images/sympetrum_evanescens_imagen_02.jpg]
[web/arthropodac575.html]
[web/satiro-montano.html]
[web/images/pedaliodes_japhleta_imagen_02.jpg]
[web/torococo-de-los-andes.html]
[web/images/sulcophanaeus_auricollis_imagen_02.jpg]
[web/arthropoda235c.html]
[web/araneae.html]
[web/theraphosidae.html]
[web/chromatopelma.html]
[web/images/chromatopelma_cyaneopubescens_mapa_03.jpg]
[web/tarantula-azul-de-paraguana.html]
[web/images/chaceus_caecus_mapa_02.jpg]
[web/cangrejo-troglobio-de-perija.html]
[web/isopoda.html]
[web/cirolanidae.html]
[web/zulialana.html]
[web/images/zulialana_coalescens_mapa_02.jpg]
[web/isopodo-ciego-de-la-cueva-de-toromo.html]
[web/paniluridae.html]
[web/panulirus.html]
[web/images/panulirus_argus_mapa_02.jpg]
[web/langosta-espinosa.html]
[web/coleoptera.html]
[web/catopidae.html]
[web/neotropospeonella.html]
[web/images/nld18dzzhtn3fjl3a4axmebs5.jpg]
[web/catopido-ciego-de-la-cueva-del-guacharo.html]
[web/odonata.html]
[web/gomphidae.html]
[web/phyllogomphoides.html]
[web/images/v0siob2atizg6b4dzpehnca6r.jpg]
[web/cola-de-hoja-del-tama.html]
[web/lestidae.html]
[web/archilestes.html]
[web/images/wgas6upk9dvcyp3bmv2vh9nmk.jpg]
[web/corsario-de-san-esteban.html]
[web/dictyoptera.html]
[web/blattellidae.html]
[web/paranocticola.html]
[web/images/paranocticola_venezuelana_mapa_02.jpg]
[web/cucaracha-ciega-venezolana.html]
[web/diaphanos.html]
[web/images/diaphanos_huberi_mapa_02.jpg]
[web/diafano-de-huber.html]
[web/images/diaphanos_curvignathos_mapa_02.jpg]
[web/diafano-de-niquitao.html]
[web/images/diaphanos_fuscus_mapa_02.jpg]
[web/diafano-del-cende.html]
[web/steromapedaliodes.html]
[web/images/steromapedaliodes_schuberti_mapa_02.jpg]
[web/duende-de-guaramacal.html]
[web/insecta2679.html]
[web/insecta4658.html]
[web/insecta9ba9.html]
[web/insectafdb0.html]
[web/insectaaf4d.html]
[web/insectac575.html]
[web/accipitriformes.html]
[web/accipitridae.html]
[web/harpia.html]
[web/images/harpia_harpyja_mapa_03.jpg]
[web/aguila-arpia.html]
[web/morphnus.html]
[web/images/morphnus_guianensis_mapa_03.jpg]
[web/aguila-monera.html]
[web/buteogallus.html]
[web/images/buteogallus_solitarius_mapa_03.jpg]
[web/aguila-solitaria.html]
[web/perciformes.html]
[web/istiophoridae.html]
[web/kajikia.html]
[web/images/kajikia_albida_mapa_03.jpg]
[web/aguja-blanca.html]
[web/siluriformes.html]
[web/loricariidae.html]
[web/farlowella.html]
[web/images/farlowella_curtirostra_mapa_02.jpg]
[web/aguja-de-los-andes.html]
[web/images/farlowella_taphorni_mapa_02.jpg]
[web/aguja-de-maracaibo.html]
[web/images/farlowella_martini_mapa_02.jpg]
[web/aguja-del-aroa.html]
[web/squamata.html]
[web/gymnophthalmidae.html]
[web/anadia.html]
[web/images/anadia_blakei_mapa_03.jpg]
[web/anadia-de-blake.html]
[web/images/anadia_pariaensis_mapa_02.jpg]
[web/anadia-de-paria.html]
[web/ancistrus.html]
[web/images/ancistrus_falconensis_mapa_02.jpg]
[web/ancistrus-de-falcon.html]
[web/bagre-cinchado-de-los-andes.html]
[web/images/cetopsorhamdia_picklei_imagen_02.jpg]
[web/chordata2679.html]
[web/chordata4658.html]
[web/bagre-cunaguaro.html]
[web/images/brachyplatystoma_juruense_imagen_02.jpg]
[web/bagre-de-chacaito.html]
[web/images/trichomycterus_mondolfi_imagen_02.jpg]
[web/bagre-doncella.html]
[web/images/sorubimichthys_planiceps_imagen_02.jpg]
[web/bagre-guitarrita-andino.html]
[web/images/dupouyichthys_sapito_imagen_02.jpg]
[web/bagre-paleton-del-lago-de-maracaibo.html]
[web/images/sorubim_cuspicaudus_imagen_02.jpg]
[web/bagre-pintado.html]
[web/images/batrochoglanis_mathisoni_imagen_02.jpg]
[web/bagrecito-ciego-cavernicola-de-perija.html]
[web/images/trichomycterus_spelaeus_imagen_02.jpg]
[web/bagrecito-sanguijuela-de-yaracuy.html]
[web/images/trichomycterus_arleoi_imagen_02.jpg]
[web/chordata9ba9.html]
[web/bocachico-de-maracaibo.html]
[web/images/prochilodus_reticulatus_imagen_02.jpg]
[web/caballito-de-mar-h-erectus.html]
[web/images/hippocampus_erectus_imagen_02.jpg]
[web/caballito-de-mar-h-reidi.html]
[web/images/hippocampus_reidi_imagen_02.jpg]
[web/chordatafdb0.html]
[web/caribe-del-tuy-y-neveri.html]
[web/images/serrasalmus_neveriensis_imagen_02.jpg]
[web/chipiro.html]
[web/images/podocnemis_erythrocephala_imagen_02.jpg]
[web/chivi-cabecigris.html]
[web/images/basileuterus_griseiceps_imagen_02.jpg]
[web/chordataaf4d.html]
[web/colibri-coludo-de-caripe.html]
[web/images/aglaiocercus_berlepschi_imagen_02.jpg]
[web/colibri-de-perija.html]
[web/images/metallura_iracunda_imagen_02.jpg]
[web/colibri-tijereta.html]
[web/images/hylonympha_macrocerca_imagen_02.jpg]
[web/corbatico-avileno.html]
[web/images/arremon_phaeopleurus_imagen_02.jpg]
[web/corbatico-de-paria.html]
[web/images/arremon_phygas_imagen_02.jpg]
[web/corbatico-perijano.html]
[web/images/arremon_perijanus_imagen_02.jpg]
[web/chordatac575.html]
[web/corroncho-cavernicola-de-perija.html]
[web/images/ancistrus_galani_imagen_02.jpg]
[web/corroncho-del-guaire.html]
[web/images/chaetostoma_guairense_imagen_02.jpg]
[web/corroncho-del-lago-de-valencia.html]
[web/images/chaetostoma_pearsei_imagen_02.jpg]
[web/cotarita-de-costados-castanos.html]
[web/images/laterallus_levraudi_imagen_02.jpg]
[web/chordata0b08.html]
[web/chordata1448.html]
[web/chordata235c.html]
[web/dientefrio-del-tocuyo.html]
[web/images/creagrutus_crenatus_imagen_02.jpg]
[web/diglosa-negra.html]
[web/images/diglossa_venezuelensis_imagen_02.jpg]
[web/fafao-gargantiblanco.html]
[web/images/premnoplex_tatei_imagen_02.jpg]
[web/galapago-de-maracaibo.html]
[web/images/rhinoclemmys_diademata_imagen_02.jpg]
[web/gato-de-monte.html]
[web/images/leopardus_tigrinus_imagen_02.jpg]
[web/guacamaya-verde.html]
[web/images/ara_militaris_imagen_02.jpg]
[web/guache-o-coati-de-paramo.html]
[web/images/nasuella_meridensis_imagen_03.jpg]
[web/guaragua.html]
[web/images/lepidochelys_olivacea_imagen_02.jpg]
[web/chordata1c8b.html]
[web/chordatafdfa.html]
[web/tiburon-zorro-ojon.html]
[web/images/alopias_superciliosus_imagen_02.jpg]
[web/tierrera-de-mesa-turik.html]
[web/images/atractus_turikensis_imagen_02.jpg]
[web/tierrera-del-turimiquire.html]
[web/images/atractus_matthewi_imagen_02.jpg]
[web/tigrito.html]
[web/images/leopardus_wiedii_imagen_02.jpg]
[web/tinicalo-del-lago-de-valencia.html]
[web/images/atherinella_venezuelae_imagen_02.jpg]
[web/tonina-costera.html]
[web/images/sotalia_guianensis_imagen_02.jpg]
[web/tonina-del-orinoco.html]
[web/images/inia_geoffrensis_imagen_02.jpg]
[web/chordataf62c.html]
[web/chordataa7f1.html]
[web/chordata5760.html]
[web/chordata42a7.html]
[web/chordata5c43.html]
[web/chordata9683.html]
[web/chordata7537.html]
[web/chordatae4a7.html]
[web/tortuga-arrau.html]
[web/images/podocnemis_expansa_imagen_02.jpg]
[web/tortuga-cabezona.html]
[web/images/caretta_caretta_imagen_02.jpg]
[web/tortuga-verde.html]
[web/images/chelonia_mydas_imagen_02.jpg]
[web/tuqueque-de-monte-cano.html]
[web/images/lepidoblepharis_montecanoensis_imagen_02.jpg]
[web/venado-margariteno.html]
[web/images/odocoileus_margaritae_imagen_02.jpg]
[web/venado-matacan-candelillo.html]
[web/images/mazama_bricenii_imagen_02.jpg]
[web/venado-paramero.html]
[web/images/odocoileus_lasiotis_imagen_02.jpg]
[web/viejita.html]
[web/images/bothrops_medusa_imagen_02.jpg]
[web/viuda-amarilla.html]
[web/images/mustelus_higmani_imagen_02.jpg]
[web/chordata3c09.html]
[web/scombridae.html]
[web/thunnus.html]
[web/images/thunnus_alalunga_mapa_03.jpg]
[web/atun-albacora.html]
[web/images/thunnus_obesus_mapa_03.jpg]
[web/atun-ojo-gordo.html]
[web/astroblepidae.html]
[web/astroblepus.html]
[web/images/astroblepus_phelpsi_mapa_02.jpg]
[web/babosito-de-los-andes.html]
[web/images/astroblepus_orientalis_mapa_02.jpg]
[web/babosito-del-albarregas.html]
[web/cetopsidae.html]
[web/cetopsis.html]
[web/images/cetopsis_motatanensis_mapa_02.jpg]
[web/bagre-ciego-del-motatan.html]
[web/actinopterygii2679.html]
[web/actinopterygii4658.html]
[web/laucha-de-merida.html]
[web/images/trichomycterus_meridae_imagen_02.jpg]
[web/actinopterygii9ba9.html]
[web/laucha-del-chama-y-mocoties.html]
[web/images/trichomycterus_emanueli_imagen_02.jpg]
[web/laucha-del-motatan.html]
[web/images/trichomycterus_motatanensis_imagen_02.jpg]
[web/malarmo.html]
[web/images/platysilurus_malarmo_imagen_02.jpg]
[web/manamana.html]
[web/images/potamorhina_laticeps_imagen_02.jpg]
[web/mero-batata.html]
[web/images/epinephelus_striatus_imagen_02.jpg]
[web/paleta-andina.html]
[web/images/rineloricaria_rupestre_imagen_02.jpg]
[web/paleta-de-la-cuenca-del-tuy.html]
[web/images/rineloricaria_caracasensis_imagen_02.jpg]
[web/pampano-del-lago-de-maracaibo.html]
[web/images/mylossoma_acanthogaster_imagen_02.jpg]
[web/pavon-del-cuyuni.html]
[web/images/cichla_ocellaris_imagen_02.jpg]
[web/actinopterygiifdb0.html]
[web/pez-anual-de-la-costa.html]
[web/images/rachovia_hummelincki_imagen_02.jpg]
[web/pez-anual-de-la-guajira.html]
[web/images/austrofundulus_guajira_imagen_02.jpg]
[web/pez-anual-de-tucacas.html]
[web/images/austrofundulus_leohoignei_imagen_02.jpg]
[web/rachovia-de-la-guajira.html]
[web/images/rachovia_brevis_imagen_02.jpg]
[web/sardinita-del-aroa-y-yaracuy.html]
[web/images/bryconamericus_charalae_imagen_02.jpg]
[web/tetradiamante.html]
[web/images/moenkhausia_pittieri_imagen_02.jpg]
[web/actinopterygiiaf4d.html]
[web/hylidae.html]
[web/dendropsophus.html]
[web/images/dendropsophus_amicorum_mapa_02.jpg]
[web/rana-arboricola-del-socopo.html]
[web/phytotriades.html]
[web/images/phytotriades_auratus_mapa_02.jpg]
[web/rana-dorada-arboricola.html]
[web/hemiphractidae.html]
[web/stefania.html]
[web/images/stefania_satelles_mapa_02.jpg]
[web/rana-estefania-del-aprada-tepui.html]
[web/images/stefania_riveroi_mapa_02.jpg]
[web/rana-estefania-del-yuruani.html]
[web/agalychnis.html]
[web/images/agalychnis_medinae_mapa_02.jpg]
[web/rana-lemur-de-henri-pittier.html]
[web/dendrobatidae.html]
[web/aromobates.html]
[web/images/85yb9opu9cbba8kjkjf1zup8r.jpg]
[web/rana-mapurite.html]
[web/cryptobatrachus.html]
[web/images/cryptobatrachus_remotus_mapa_02.jpg]
[web/rana-marsupial-de-perija.html]
[web/mannophryne.html]
[web/images/mannophryne_collaris_mapa_02.jpg]
[web/ranita-con-collar-de-merida.html]
[web/centrolenidae.html]
[web/hyalinobatrachium.html]
[web/images/hyalinobatrachium_guairarepanensis_mapa_02.jpg]
[web/ranita-de-cristal-del-avila.html]
[web/craugastoridae.html]
[web/pristimantis.html]
[web/images/pristimantis_bicumulus_mapa_03.jpg]
[web/ranita-de-lluvia-de-caracas.html]
[web/ranita-de-lluvia-de-lasso-alcala.html]
[web/images/pristimantis_lassoalcalai_imagen_02.jpg]
[web/ranita-de-lluvia-del-turimiquire.html]
[web/ranita-de-lluvia-del-yavi.html]
[web/images/wfu6r5e1el29snfqojboywymi.jpg]
[web/ranita-de-lluvia-del-yuruani.html]
[web/images/pristimantis_yuruaniensis_imagen_02.jpg]
[web/ranita-de-lluvia-listada-de-perija.html]
[web/images/2risxzsgx2kpwvjbtxhkmbbwr.jpg]
[web/ranita-olorosa-del-huachamacari.html]
[web/salamandra-meridena.html]
[web/images/bolitoglossa_orestes_imagen_02.jpg]
[web/sapito-acollarado-de-churuguara.html]
[web/images/mannophryne_caquetio_imagen_02.jpg]
[web/sapito-acollarado-de-leonardo.html]
[web/sapito-acollarado-de-rancho-grande.html]
[web/images/mannophryne_neblina_imagen_02.jpg]
[web/amphibia2679.html]
[web/amphibia4658.html]
[web/sapito-acollarado-de-rivero.html]
[web/images/mannophryne_riveroi_imagen_02.jpg]
[web/sapito-acollarado-del-socopo.html]
[web/images/mannophryne_lamarcai_imagen_02.jpg]
[web/sapito-amarillo-de-la-carbonera.html]
[web/images/atelopus_carbonerensis_imagen_02.jpg]
[web/sapito-amarillo-de-merida.html]
[web/images/atelopus_oxyrhynchus_imagen_02.jpg]
[web/sapito-amarillo-de-mucubaji.html]
[web/images/atelopus_mucubajiensis_imagen_02.jpg]
[web/sapito-amarillo-y-rojo-de-niquitao.html]
[web/images/atelopus_chrysocorallus_imagen_02.jpg]
[web/sapito-anaranjado-de-san-francisco.html]
[web/images/atelopus_sorianoi_imagen_02.jpg]
[web/sapito-arlequin-de-guaramacal.html]
[web/images/atelopus_sp_imagen_02.jpg]
[web/sapito-arlequin-de-tama.html]
[web/images/atelopus_tamaense_imagen_02.jpg]
[web/amphibia9ba9.html]
[web/sapito-ninera-de-dunn.html]
[web/sapito-ninera-de-perija.html]
[web/images/aromobates_tokuko_imagen_02.jpg]
[web/sapito-ninera-del-murisipan.html]
[web/images/anomaloglossus_murisipanensis_imagen_02.jpg]
[web/sapito-ninera-oriental.html]
[web/sapito-rayado.html]
[web/images/atelopus_cruciger_imagen_02.jpg]
[web/sapito-rojo-del-yapacana.html]
[web/images/minyobates_steyermarki_imagen_02.jpg]
[web/sapito-rugoso-de-cerro-el-sol.html]
[web/images/oreophrynella_huberi_imagen_02.jpg]
[web/sapito-rugoso-del-kukenan.html]
[web/images/oreophrynella_nigra_imagen_02.jpg]
[web/sapito-rugoso-del-roraima.html]
[web/images/oreophrynella_quelchii_imagen_03.jpg]
[web/amphibiafdb0.html]
[web/sapito-silbador-de-merida.html]
[web/images/leptodactylus_sp._imagen_02.jpg]
[web/sapito-silbador-del-cerro-socopo.html]
[web/images/leptodactylus_magistris_imagen_02.jpg]
[web/sapito-verdirrojo-de-pinango.html]
[web/images/atelopus_pinangoi_imagen_02.jpg]
[web/amphibiaaf4d.html]
[web/apodiformes.html]
[web/trochilidae.html]
[web/heliangelus.html]
[web/images/heliangelus_spencei_mapa_03.jpg]
[web/angel-del-sol-de-merida.html]
[web/passeriformes.html]
[web/tyrannidae.html]
[web/phyllomyias.html]
[web/images/phyllomyias_urichi_mapa_03.jpg]
[web/atrapamoscas-de-caripe.html]
[web/thraupidae.html]
[web/poospiza.html]
[web/images/hemispingus_goeringi_mapa_03.jpg]
[web/buscador-lomipizarra.html]
[web/parulidae.html]
[web/myioborus.html]
[web/images/myioborus_pariae_mapa_03.jpg]
[web/candelita-de-paria.html]
[web/fringillidae.html]
[web/spinus.html]
[web/images/sporagra_cucullata_mapa_03.jpg]
[web/cardenalito.html]
[web/piciformes.html]
[web/picidae.html]
[web/campephilus.html]
[web/ponchito-cabecicastano.html]
[web/images/campephilus_pollens_mapa_03.jpg]
[web/carpintero-gigante.html]
[web/anhimidae.html]
[web/chauna.html]
[web/images/chauna_chavaria_mapa_03.jpg]
[web/chicaguire.html]
[web/aves2679.html]
[web/aves4658.html]
[web/hormiguero-pico-de-hoz.html]
[web/images/clytoctantes_alixii_imagen_02.jpg]
[web/hormiguero-tororoi-excelso.html]
[web/images/grallaria_excelsa_imagen_02.jpg]
[web/jilguero-cara-amarilla.html]
[web/images/sporagra_yarrellii_imagen_02.jpg]
[web/paloma-islena.html]
[web/images/patagioenas_squamosa_imagen_02.jpg]
[web/pato-de-monte.html]
[web/images/sarkidiornis_sylvicola_imagen_02.jpg]
[web/aves9ba9.html]
[web/pato-negro.html]
[web/images/netta_erythrophthalma_imagen_02.jpg]
[web/pauji-copete-de-piedra.html]
[web/images/pauxi_pauxi_imagen_02.jpg]
[web/pava-negra.html]
[web/images/aburria_aburri_imagen_02.jpg]
[web/perdiz-frentinegra.html]
[web/images/odontophorus_atrifrons_imagen_02.jpg]
[web/perico-cabecidorado.html]
[web/images/pyrilia_pyrilia_imagen_02.jpg]
[web/perico-de-todd.html]
[web/images/pyrrhura_caeruleiceps_imagen_02.jpg]
[web/perico-multicolor.html]
[web/images/hapalopsittaca_amazonina_imagen_02.jpg]
[web/piscuiz-de-perija.html]
[web/images/asthenes_perijana_imagen_02.jpg]
[web/polla-de-wetmore.html]
[web/images/rallus_wetmorei_imagen_02.jpg]
[web/images/grallaricula_cucullata_imagen_02.jpg]
[web/avesfdb0.html]
[web/ponchito-enano-oriental.html]
[web/images/vehrsibddayppcs2fvsdbccc4.jpg]
[web/rabiblando-del-delta-amacuro.html]
[web/images/thripophaga_amacurensis_imagen_02.jpg]
[web/rabiblando-del-orinoco.html]
[web/images/thripophaga_cherriei_imagen_02.jpg]
[web/semillero-de-carrizales.html]
[web/images/amaurospiza_carrizalensis_imagen_02.jpg]
[web/avesaf4d.html]
[web/myliobatiformes.html]
[web/aetobatidae.html]
[web/aetobatus.html]
[web/images/aetobatus_narinari_mapa_02.jpg]
[web/chucho-pintado.html]
[web/carcharhiniformes.html]
[web/sphyrnidae.html]
[web/sphyrna.html]
[web/images/sphyrna_mokarran_mapa_02.jpg]
[web/cornuda-aletona.html]
[web/images/sphyrna_lewini_mapa_02.jpg]
[web/cornuda-comun.html]
[web/rhinopristiformes.html]
[web/pristidae.html]
[web/pristis.html]
[web/images/pristis_pectinata_mapa_02.jpg]
[web/pez-sierra.html]
[web/carcharhinidae.html]
[web/prionace.html]
[web/images/prionace_glauca_mapa_03.jpg]
[web/tiburon-azul.html]
[web/carcharhinus.html]
[web/images/carcharhinus_falciformis_mapa_02.jpg]
[web/tiburon-bobo.html]
[web/lamniformes.html]
[web/lamnidae.html]
[web/isurus.html]
[web/images/isurus_oxyrinchus_mapa_02.jpg]
[web/tiburon-carite.html]
[web/images/carcharhinus_signatus_mapa_02.jpg]
[web/tiburon-de-noche.html]
[web/images/carcharhinus_limbatus_mapa_02.jpg]
[web/tiburon-macuira.html]
[web/images/carcharhinus_longimanus_mapa_02.jpg]
[web/tiburon-puntas-blancas-oceanico.html]
[web/chondrichthyes2679.html]
[web/chondrichthyes4658.html]
[web/cetacea.html]
[web/balaenopteridae.html]
[web/megaptera.html]
[web/images/megaptera_novaeangliae_mapa_03.jpg]
[web/ballena-jorobada.html]
[web/balaenoptera.html]
[web/images/balaenoptera_physalus_mapa_03.jpg]
[web/ballena-rorcual-comun.html]
[web/physeteridae.html]
[web/physeter.html]
[web/images/physeter_macrocephalus_mapa_03.jpg]
[web/cachalote.html]
[web/rodentia.html]
[web/echimyidae.html]
[web/pattonomys.html]
[web/images/pattonomys_flavidus_mapa_03.jpg]
[web/canarete.html]
[web/didelphimorphia.html]
[web/didelphidae.html]
[web/marmosops.html]
[web/images/marmosops_cracens_mapa_02.jpg]
[web/comadrejita-de-cabeza-estrecha.html]
[web/paucituberculata.html]
[web/caenolestidae.html]
[web/caenolestes.html]
[web/images/caenolestes_fuliginosus_mapa_03.jpg]
[web/comadrejita-musarana-andina.html]
[web/images/marmosops_ojastii_mapa_03.jpg]
[web/comadrejita-ratona-de-ojasti.html]
[web/leopardus.html]
[web/images/leopardus_pardalis_mapa_03.jpg]
[web/cunaguaro.html]
[web/cingulata.html]
[web/dasypodidae.html]
[web/priodontes.html]
[web/images/priodontes_maximus_mapa_02.jpg]
[web/cuspon.html]
[web/perissodactyla.html]
[web/tapiridae.html]
[web/tapirus.html]
[web/images/tapirus_terrestris_mapa_02.jpg]
[web/danta.html]
[web/lapa-de-montana.html]
[web/images/dwtsj7sfdzwcxpykjr6zdkzs1.jpg]
[web/mono-arana-norteno.html]
[web/images/ateles_hybridus_imagen_02.jpg]
[web/mono-de-noche-occidental.html]
[web/images/aotus_lemurinus_imagen_02.jpg]
[web/murcielago-bigotudo-de-paraguana.html]
[web/images/pteronotus_paraguanensis_imagen_02.jpg]
[web/murcielago-cardonero.html]
[web/images/leptonycteris_curasoae_imagen_02.jpg]
[web/murcielago-cola-libre-de-peale.html]
[web/images/nyctinomops_aurispinosus_imagen_02.jpg]
[web/mammalia2679.html]
[web/mammalia4658.html]
[web/murcielago-frugivoro-gigante-andino.html]
[web/images/sturnira_aratathomasi_imagen_02.jpg]
[web/murcielago-narigudo-menor.html]
[web/images/lonchorhina_fernandezi_imagen_02.jpg]
[web/murcielago-nectarivoro-de-luis-manuel.html]
[web/images/anoura_luismanueli_imagen_02.jpg]
[web/musarana-de-la-serrania-del-litoral.html]
[web/images/cryptotis_venezuelensis_imagen_02.jpg]
[web/musarana-de-la-sierra-de-aroa.html]
[web/images/cryptotis_aroensis_imagen_02.jpg]
[web/musarana-de-merida.html]
[web/images/cryptotis_meridensis_imagen_02.jpg]
[web/musarana-del-paramo-del-tama.html]
[web/images/cryptotis_tamensis_imagen_02.jpg]
[web/oso-frontino.html]
[web/images/tremarctos_ornatus_imagen_02.jpg]
[web/oso-palmero.html]
[web/images/myrmecophaga_tridactyla_imagen_02.jpg]
[web/pacarana.html]
[web/images/dinomys_branickii_imagen_02.jpg]
[web/mammalia9ba9.html]
[web/perro-de-agua.html]
[web/images/pteronura_brasiliensis_imagen_02.jpg]
[web/perro-de-agua-pequeno.html]
[web/images/lontra_longicaudis_imagen_02.jpg]
[web/perro-de-monte.html]
[web/images/speothos_venaticus_imagen_02.jpg]
[web/rata-andina-olivacea.html]
[web/images/thomasomys_hylophilus_imagen_02.jpg]
[web/rata-de-agua-de-pittier.html]
[web/images/ichthyomys_pittieri_imagen_02.jpg]
[web/rata-de-bambusales.html]
[web/images/olallamys_edax_imagen_02.jpg]
[web/raton-de-agua-del-tachira.html]
[web/images/neusticomys_mussoi_imagen_02.jpg]
[web/raton-de-los-olivitos.html]
[web/images/oryzomys_gorgasi_imagen_02.jpg]
[web/raton-de-yacambu.html]
[web/images/aepeomys_reigi_imagen_02.jpg]
[web/raton-del-roraima.html]
[web/images/podoxymys_roraimae_imagen_02.jpg]
[web/mammaliafdb0.html]
[web/raton-mochilero-de-paraguana.html]
[web/images/heteromys_oasicus_imagen_02.jpg]
[web/raton-pescador-andino.html]
[web/images/chibchanomys_trichotis_imagen_02.jpg]
[web/mammaliaaf4d.html]
[web/dactyloidae.html]
[web/anolis.html]
[web/images/anolis_euskalerriari_mapa_02.jpg]
[web/anolis-de-mesa-turik.html]
[web/images/anolis_tetarii_mapa_02.jpg]
[web/anolis-del-tetari.html]
[web/testudines.html]
[web/podocnemididae.html]
[web/peltocephalus.html]
[web/images/peltocephalus_dumerilianus_mapa_02.jpg]
[web/cabezon.html]
[web/chelidae.html]
[web/mesoclemmys.html]
[web/images/mesoclemmys_zuliae_mapa_02.jpg]
[web/cabezon-del-zulia.html]
[web/crocodilia.html]
[web/crocodylidae.html]
[web/crocodylus.html]
[web/images/crocodylus_acutus_mapa_02.jpg]
[web/caiman-de-la-costa.html]
[web/images/crocodylus_intermedius_mapa_02.jpg]
[web/caiman-del-orinoco.html]
[web/dermochelyidae.html]
[web/dermochelys.html]
[web/images/dermochelys_coriacea_mapa_03.jpg]
[web/cardon.html]
[web/cheloniidae.html]
[web/eretmochelys.html]
[web/images/5g8fjlnn9nlkf4ngnculkr2ub.jpg]
[web/carey.html]
[web/lagartija-de-cerro-humo.html]
[web/images/euspondylus_monsfumus_imagen_02.jpg]
[web/lagartija-lucia-del-turimiquire.html]
[web/images/mabuya_croizati_imagen_02.jpg]
[web/lagartijo-trompa-roja.html]
[web/images/ameiva_provitae_imagen_02.jpg]
[web/morrocoy-negro.html]
[web/images/fuh9y8ud6ospamng1fbgyujm1.jpg]
[web/terecay.html]
[web/images/podocnemis_unifilis_imagen_02.jpg]
[web/reptilia2679.html]
[web/reptilia4658.html]
[web/reptilia9ba9.html]
[web/scleractinia.html]
[web/acroporidae.html]
[web/acropora.html]
[web/images/acropora_palmata_mapa_03.jpg]
[web/coral-cacho-de-alce.html]
[web/images/acropora_cervicornis_mapa_03.jpg]
[web/coral-cacho-de-venado.html]
[web/merulinidae.html]
[web/orbicella.html]
[web/images/orbicella_annularis_mapa_02.jpg]
[web/coral-pilar-estrella.html]
[web/caenogastropoda.html]
[web/strombidae.html]
[web/lobatos.html]
[web/images/lobatus_gigas_mapa_03.jpg]
[web/botuto.html]
[web/neogastropoda.html]
[web/volutidae.html]
[web/voluta.html]
[web/images/voluta_musica_mapa_02.jpg]
[web/caracol-pentagrama.html]
[web/cypraeidae.html]
[web/muracypraea.html]
[web/images/muracypraea_mus_mapa_02.jpg]
[web/caracol-porcelana.html]
[web/vetigastropoda.html]
[web/tegulidae.html]
[web/cittarium.html]
[web/images/cittarium_pica_mapa_02.jpg]
[web/quigua.html]
[web/lithogenes.html]
[web/images/lithogenes_valencia_mapa_02.jpg]
[web/corroncho-desnudo-del-lago-de-valencia.html]
[web/atelopus.html]
[web/images/atelopus_vogli_mapa_02.jpg]
[web/sapito-arlequin-amarillo-de-maracay.html]
[web/mimidae.html]
[web/margarops.html]
[web/images/margarops_fuscatus_mapa_03.jpg]
[web/zorzal.html]
[web/cathartiformes.html]
[web/cathartidae.html]
[web/vultur.html]
[web/images/vultur_gryphus_mapa_03.jpg]
[web/condor.html]
[web/cordylancistrus.html]
[web/images/cordylancistrus_nephelion_mapa_02.jpg]
[web/corroncho-del-tuy.html]
[web/images/steromapedaliodes_sanchezi_mapa_02.jpg]
[web/duende-de-los-paramos.html]
[web/grallariidae.html]
[web/grallaria.html]
[web/images/grallaria_chthonia_mapa_03.jpg]
[web/hormiguero-tororoi-tachirense.html]
[web/pedaliodes.html]
[web/images/pedaliodes_valencia_mapa_02.jpg]
[web/mariposa-manchada-del-tama.html]
[web/redonda.html]
[web/images/redonda_leukasmena_mapa_02.jpg]
[web/mariposa-paramera-del-cende.html]
[web/serranidae.html]
[web/epinephelus.html]
[web/images/epinephelus_itajara_mapa_03.jpg]
[web/mero-guasa.html]
[web/en-peligro-critico2679.html]
[web/en-peligro-critico4658.html]
[web/en-peligro-critico9ba9.html]
[web/en-peligro2679.html]
[web/en-peligro4658.html]
[web/en-peligro9ba9.html]
[web/en-peligrofdb0.html]
[web/en-peligroaf4d.html]
[web/en-peligroc575.html]
[web/en-peligro0b08.html]
[web/en-peligro1448.html]
[web/en-peligro235c.html]
[web/en-peligrofdfa.html]
[web/en-peligro1c8b.html]
[web/en-peligroce37.html]
[web/vulnerable2679.html]
[web/vulnerable4658.html]
[web/vulnerable9ba9.html]
[web/vulnerablefdb0.html]
[web/vulnerableaf4d.html]
[web/vulnerablec575.html]
[web/vulnerable0b08.html]
[web/vulnerable1448.html]
[web/vulnerable235c.html]
[web/vulnerable1c8b.html]
[web/vulnerablefdfa.html]
[web/vulnerablece37.html]
[web/vulnerable8c93.html]
[web/vulnerablea7f1.html]
[web/referencias2679.html]
[web/referencias4658.html]
[web/referencias9ba9.html]
[web/referenciasfdb0.html]
[web/referenciasaf4d.html]
[web/referenciasc575.html]
[web/referencias0b08.html]
[web/referencias1448.html]
[web/referencias235c.html]
[web/referencias1c8b.html]
[web/referenciasfdfa.html]
[web/referencias68c2.html]
[web/referencias4618.html]
[web/referencias3a0d.html]
[web/referenciasa27b.html]
[web/referencias96d9.html]
[web/referenciasb5a4.html]
[web/referenciasce53.html]
[web/referencias62e8.html]
[web/referenciasda81.html]
[web/anura4658.html]
[web/anura9ba9.html]
[web/anurafdb0.html]
[web/anuraaf4d.html]
[web/caudata.html]
[web/anura.html]
[web/bufonidae4658.html]
[web/aromobatidae.html]
[web/leptodactylidae.html]
[web/bufonidae.html]
[web/oreophrynella.html]
[web/columbiformes.html]
[web/falconiformes.html]
[web/galliformes.html]
[web/gruiformes.html]
[web/anseriformes.html]
[web/gymnophtalmidae.html]
[web/anatidae.html]
[web/netta.html]
[web/sarkidiornis.html]
[web/merganetta.html]
[web/artiodactyla.html]
[web/chiroptera.html]
[web/eulipotyphla.html]
[web/pilosa.html]
[web/primates.html]
[web/sirenia.html]
[web/trichechidae.html]
[web/trichechus.html]
[web/carnivora.html]
[web/canidae.html]
[web/mustelidae.html]
[web/procyonidae.html]
[web/ursidae.html]
[web/felidae.html]
[web/panthera.html]
[web/psittaciformes.html]
[web/psittacidae.html]
[web/ara.html]
[web/hapalopsittaca.html]
[web/pyrilia.html]
[web/pyrrhura.html]
[web/amazona.html]
[web/lepidoptera4658.html]
[web/lepidoptera9ba9.html]
[web/lepidopterafdb0.html]
[web/lepidoptera.html]
[web/nymphalidae4658.html]
[web/nymphalidae9ba9.html]
[web/hesperiidae.html]
[web/lycaenidae.html]
[web/pieridae.html]
[web/nymphalidae.html]
[web/altopedaliodes.html]
[web/dangond.html]
[web/lymanopoda.html]
[web/philaethria.html]
[web/pronophila.html]
[web/manerebia.html]
[web/amblypygi.html]
[web/charinidae.html]
[web/charinus.html]
[web/decapoda.html]
[web/palaemonidae.html]
[web/euryrhynchus.html]
[web/atyidae.html]
[web/atya.html]
[web/macrobrachium.html]
[web/pseudothelphusidae.html]
[web/chaceus.html]
[web/gecarcinidae.html]
[web/cardisoma.html]
[web/images/steromapedaliodes_albonotata_mapa_02.jpg]
[web/duende-de-la-cordillera.html]
[web/arthropoda2679.html]
[web/megapodagrionidae.html]
[web/philogenia.html]
[web/images/philogenia_polyxena_mapa_02.jpg]
[web/elfo-de-aroa.html]
[web/sciotropis.html]
[web/images/sciotropis_lattkei_mapa_02.jpg]
[web/elfo-de-paria.html]
[web/images/philogenia_ferox_mapa_02.jpg]
[web/elfo-feroz.html]
[web/images/sciotropis_cyclanthorum_mapa_02.jpg]
[web/elfo-menor.html]
[web/scarabaeidae.html]
[web/ateuchus.html]
[web/images/ateuchus_ambiguus_mapa_02.jpg]
[web/escarabajito-paramero-de-mucuchies.html]
[web/dytiscidae.html]
[web/trogloguignotus.html]
[web/images/trogloguignotus_concii_mapa_02.jpg]
[web/escarabajo-ciego-de-la-cueva-de-hueque.html]
[web/eurysternus.html]
[web/images/eurysternus_impressicollis_mapa_02.jpg]
[web/escarabajo-estercolero-de-maracaibo.html]
[web/images/philaethria_browni_mapa_02.jpg]
[web/heliconio-verde-de-brown.html]
[web/images/philaethria_romeroi_mapa_02.jpg]
[web/heliconio-verde-de-romero.html]
[web/canthonella.html]
[web/images/canthonella_gomezi_mapa_02.jpg]
[web/hojarasquito-de-pipe.html]
[web/cryptocanthon.html]
[web/images/cryptocanthon_nebulinus_mapa_02.jpg]
[web/hojarasquito-nublado.html]
[web/images/cryptocanthon_punctatus_mapa_02.jpg]
[web/hojarasquito-puntuado.html]
[web/ministrymon.html]
[web/images/ministrymon_albimimicus_mapa_02.jpg]
[web/licenido-blanco-mimetico-de-chacaito.html]
[web/theorema.html]
[web/images/theorema_pyrczia_mapa_02.jpg]
[web/licenido-de-escuque.html]
[web/catasticta.html]
[web/images/catasticta_revancha_mapa_02.jpg]
[web/mariposa-aurinegra-del-tama.html]
[web/images/redonda_bordoni_mapa_02.jpg]
[web/mariposa-braquiptera-de-bordon.html]
[web/images/redonda_empetrus_mapa_02.jpg]
[web/mariposa-braquiptera-de-la-culata.html]
[web/images/lymanopoda_dietzi_mapa_02.jpg]
[web/mariposa-de-dietz.html]
[web/ardaris.html]
[web/images/ardaris_eximia_mapa_02.jpg]
[web/mariposa-hesperide-altiandina.html]
[web/images/ardaris_hantra_mapa_02.jpg]
[web/mariposa-hesperide-paramera.html]
[web/images/lymanopoda_marianna_mapa_02.jpg]
[web/mariposa-mariana.html]
[web/images/steromapedaliodes_albarregas_mapa_02.jpg]
[web/mariposa-marron-de-albarregas.html]
[web/images/altopedaliodes_tamaensis_mapa_03.jpg]
[web/mariposa-marron-de-las-alturas-del-tama.html]
[web/images/0o1txolp6rw3xfdafig5tvz9a.jpg]
[web/mariposa-marron-de-perija.html]
[web/images/pedaliodes_pisonia_mapa_02.jpg]
[web/mariposa-marron-oscura-de-venezuela.html]
[web/images/lymanopoda_orientalis_mapa_02.jpg]
[web/mariposa-oriental.html]
[web/images/pronophila_obscura_mapa_02.jpg]
[web/mariposa-oscura-mayor.html]
[web/images/redonda_centenaria_mapa_02.jpg]
[web/mariposa-paramera-centenaria.html]
[web/images/redonda_frailejona_mapa_02.jpg]
[web/mariposa-paramera-de-los-frailes.html]
[web/images/redonda_lossadana_mapa_02.jpg]
[web/mariposa-paramera-de-lossada.html]
[web/images/redonda_chiquinquirana_mapa_02.jpg]
[web/mariposa-paramera-de-mucubaji.html]
[web/images/redonda_castellana_mapa_02.jpg]
[web/mariposa-paramera-de-rafael-ramon-castellanos.html]
[web/images/h18kyo4jrmjegqrby2iryb9si.jpg]
[web/mariposita-blanca-del-paramo.html]
[web/hylephila.html]
[web/images/hylephila_ignorans_mapa_02.jpg]
[web/mariposita-paramera.html]
[web/libellulidae.html]
[web/sympetrum.html]
[web/images/7xzudqspogi4zhny4cgdbmjfj.jpg]
[web/riegapozo-colorado.html]
[web/images/pedaliodes_japhleta_mapa_02.jpg]
[web/satiro-montano.html]
[web/sulcophanaeus.html]
[web/images/sulcophanaeus_auricollis_mapa_02.jpg]
[web/torococo-de-los-andes.html]
[web/araneae.html]
[web/theraphosidae.html]
[web/chromatopelma.html]
[web/isopoda.html]
[web/cirolanidae.html]
[web/zulialana.html]
[web/paniluridae.html]
[web/panulirus.html]
[web/coleoptera.html]
[web/catopidae.html]
[web/neotropospeonella.html]
[web/odonata.html]
[web/gomphidae.html]
[web/phyllogomphoides.html]
[web/lestidae.html]
[web/archilestes.html]
[web/dictyoptera.html]
[web/blattellidae.html]
[web/paranocticola.html]
[web/diaphanos.html]
[web/steromapedaliodes.html]
[web/insecta2679.html]
[web/accipitriformes.html]
[web/accipitridae.html]
[web/harpia.html]
[web/morphnus.html]
[web/buteogallus.html]
[web/atheriniformes.html]
[web/characiformes.html]
[web/cyprinodontiformes.html]
[web/syngnathiformes.html]
[web/perciformes.html]
[web/cichlidae.html]
[web/istiophoridae.html]
[web/kajikia.html]
[web/siluriformes4658.html]
[web/siluriformes9ba9.html]
[web/siluriformes.html]
[web/loricariidae4658.html]
[web/aspredinidae.html]
[web/heptapteridae.html]
[web/pimelodidae.html]
[web/pseudopimelodidae.html]
[web/trichomycteridae.html]
[web/loricariidae.html]
[web/chaetostoma.html]
[web/fonchiiichthys.html]
[web/rineloricaria.html]
[web/farlowella.html]
[web/squamata4658.html]
[web/chelonia.html]
[web/squamata.html]
[web/colubridae.html]
[web/gekkonidae.html]
[web/polychrotidae.html]
[web/scincidae.html]
[web/sphaerodactylidae.html]
[web/teiidae.html]
[web/viperidae.html]
[web/gymnophthalmidae.html]
[web/euspondylus.html]
[web/anadia.html]
[web/ancistrus.html]
[web/cetopsorhamdia.html]
[web/images/cetopsorhamdia_picklei_mapa_02.jpg]
[web/bagre-cinchado-de-los-andes.html]
[web/chordata2679.html]
[web/brachyplatystoma.html]
[web/images/brachyplatystoma_juruense_mapa_02.jpg]
[web/bagre-cunaguaro.html]
[web/trichomycterus.html]
[web/images/trichomycterus_mondolfi_mapa_02.jpg]
[web/bagre-de-chacaito.html]
[web/sorubimichthys.html]
[web/images/trdson2281yz99zigjtakjgoh.jpg]
[web/bagre-doncella.html]
[web/dupouyichthys.html]
[web/images/dupouyichthys_sapito_mapa_02.jpg]
[web/bagre-guitarrita-andino.html]
[web/sorubim.html]
[web/images/sorubim_cuspicaudus_mapa_02.jpg]
[web/bagre-paleton-del-lago-de-maracaibo.html]
[web/batrochoglanis.html]
[web/images/batrochoglanis_mathisoni_mapa_02.jpg]
[web/bagre-pintado.html]
[web/images/trichomycterus_spelaeus_mapa_02.jpg]
[web/bagrecito-ciego-cavernicola-de-perija.html]
[web/images/trichomycterus_arleoi_mapa_02.jpg]
[web/bagrecito-sanguijuela-de-yaracuy.html]
[web/prochilodontidae.html]
[web/prochilodus.html]
[web/images/prochilodus_reticulatus_mapa_03.jpg]
[web/bocachico-de-maracaibo.html]
[web/syngnathidae.html]
[web/hippocampus.html]
[web/images/hippocampus_erectus_mapa_03.jpg]
[web/caballito-de-mar-h-erectus.html]
[web/images/hippocampus_reidi_mapa_03.jpg]
[web/caballito-de-mar-h-reidi.html]
[web/characidae.html]
[web/serrasalmus.html]
[web/images/serrasalmus_neveriensis_mapa_02.jpg]
[web/caribe-del-tuy-y-neveri.html]
[web/podocnemis.html]
[web/images/podocnemis_erythrocephala_mapa_02.jpg]
[web/chipiro.html]
[web/basileuterus.html]
[web/images/basileuterus_griseiceps_mapa_03.jpg]
[web/chivi-cabecigris.html]
[web/aglaiocercus.html]
[web/images/aglaiocercus_berlepschi_mapa_03.jpg]
[web/colibri-coludo-de-caripe.html]
[web/metallura.html]
[web/images/metallura_iracunda_mapa_03.jpg]
[web/colibri-de-perija.html]
[web/hylonympha.html]
[web/images/hylonympha_macrocerca_mapa_03.jpg]
[web/colibri-tijereta.html]
[web/emberizidae.html]
[web/arremon.html]
[web/images/arremon_phaeopleurus_mapa_03.jpg]
[web/corbatico-avileno.html]
[web/images/arremon_phygas_mapa_03.jpg]
[web/corbatico-de-paria.html]
[web/images/arremon_perijanus_mapa_03.jpg]
[web/corbatico-perijano.html]
[web/images/ancistrus_galani_mapa_02.jpg]
[web/corroncho-cavernicola-de-perija.html]
[web/images/chaetostoma_guairense_mapa_02.jpg]
[web/corroncho-del-guaire.html]
[web/images/chaetostoma_pearsei_mapa_02.jpg]
[web/corroncho-del-lago-de-valencia.html]
[web/rallidae.html]
[web/laterallus.html]
[web/images/laterallus_levraudi_mapa_03.jpg]
[web/cotarita-de-costados-castanos.html]
[web/chordatace37.html]
[web/chordata0b08.html]
[web/chordata8c93.html]
[web/chordata1448.html]
[web/creagrutus.html]
[web/images/creagrutus_crenatus_mapa_02.jpg]
[web/dientefrio-del-tocuyo.html]
[web/diglossa.html]
[web/images/diglossa_venezuelensis_mapa_03.jpg]
[web/diglosa-negra.html]
[web/furnariidae.html]
[web/premnoplex.html]
[web/images/premnoplex_tatei_mapa_03.jpg]
[web/fafao-gargantiblanco.html]
[web/geoemydidae.html]
[web/rhinoclemmys.html]
[web/images/rhinoclemmys_diademata_mapa_02.jpg]
[web/galapago-de-maracaibo.html]
[web/images/leopardus_tigrinus_mapa_03.jpg]
[web/gato-de-monte.html]
[web/images/ara_militaris_mapa_03.jpg]
[web/guacamaya-verde.html]
[web/nasuella.html]
[web/images/nasuella_meridensis_mapa_02.jpg]
[web/guache-o-coati-de-paramo.html]
[web/lepidochelys.html]
[web/images/lepidochelys_olivacea_mapa_03.jpg]
[web/guaragua.html]
[web/chordata1c8b.html]
[web/alopiidae.html]
[web/alopias.html]
[web/images/alopias_superciliosus_mapa_02.jpg]
[web/tiburon-zorro-ojon.html]
[web/atractus.html]
[web/images/atractus_turikensis_mapa_02.jpg]
[web/tierrera-de-mesa-turik.html]
[web/images/atractus_matthewi_mapa_02.jpg]
[web/tierrera-del-turimiquire.html]
[web/images/leopardus_wiedii_mapa_02.jpg]
[web/tigrito.html]
[web/atherinopsidae.html]
[web/atherinella.html]
[web/images/atherinella_venezuelae_mapa_02.jpg]
[web/tinicalo-del-lago-de-valencia.html]
[web/delphinidae.html]
[web/sotalia.html]
[web/images/sotalia_guianensis_mapa_03.jpg]
[web/tonina-costera.html]
[web/iniidae.html]
[web/inia.html]
[web/images/inia_geoffrensis_mapa_03.jpg]
[web/tonina-del-orinoco.html]
[web/chordataf62c.html]
[web/chordataa7f1.html]
[web/chordata5760.html]
[web/chordata42a7.html]
[web/chordata5c43.html]
[web/chordata9683.html]
[web/chordata7537.html]
[web/tortuga-arrau.html]
[web/images/podocnemis_expansa_mapa_02.jpg]
[web/caretta.html]
[web/images/caretta_caretta_mapa_03.jpg]
[web/tortuga-cabezona.html]
[web/chelonia-2.html]
[web/images/chelonia_mydas_mapa_03.jpg]
[web/tortuga-verde.html]
[web/lepidoblepharis.html]
[web/images/lepidoblepharis_montecanoensis_mapa_02.jpg]
[web/tuqueque-de-monte-cano.html]
[web/cervidae.html]
[web/odocoileus.html]
[web/images/odocoileus_margaritae_mapa_02.jpg]
[web/venado-margariteno.html]
[web/mazama.html]
[web/images/mazama_bricenii_mapa_02.jpg]
[web/venado-matacan-candelillo.html]
[web/images/odocoileus_lasiotis_mapa_02.jpg]
[web/venado-paramero.html]
[web/bothrops.html]
[web/images/bothrops_medusa_mapa_02.jpg]
[web/viejita.html]
[web/triakidae.html]
[web/mustelus.html]
[web/images/mustelus_higmani_mapa_03.jpg]
[web/viuda-amarilla.html]
[web/scombridae.html]
[web/thunnus.html]
[web/astroblepidae.html]
[web/astroblepus.html]
[web/cetopsidae.html]
[web/cetopsis.html]
[web/actinopterygii2679.html]
[web/images/trichomycterus_meridae_mapa_02.jpg]
[web/laucha-de-merida.html]
[web/images/trichomycterus_emanueli_mapa_02.jpg]
[web/laucha-del-chama-y-mocoties.html]
[web/images/trichomycterus_motatanensis_mapa_02.jpg]
[web/laucha-del-motatan.html]
[web/platysilurus.html]
[web/images/platysilurus_malarmo_mapa_02.jpg]
[web/malarmo.html]
[web/curimatidae.html]
[web/potamorhina.html]
[web/images/potamorhina_laticeps_mapa_03.jpg]
[web/manamana.html]
[web/images/epinephelus_striatus_mapa_03.jpg]
[web/mero-batata.html]
[web/images/rineloricaria_rupestre_mapa_02.jpg]
[web/paleta-andina.html]
[web/images/rineloricaria_caracasensis_mapa_02.jpg]
[web/paleta-de-la-cuenca-del-tuy.html]
[web/mylossoma.html]
[web/images/mylossoma_acanthogaster_mapa_02.jpg]
[web/pampano-del-lago-de-maracaibo.html]
[web/cichla.html]
[web/images/cichla_ocellaris_mapa_02.jpg]
[web/pavon-del-cuyuni.html]
[web/rivulidae.html]
[web/rachovia.html]
[web/images/rachovia_hummelincki_mapa_02.jpg]
[web/pez-anual-de-la-costa.html]
[web/austrofundulus.html]
[web/images/austrofundulus_guajira_mapa_02.jpg]
[web/pez-anual-de-la-guajira.html]
[web/images/austrofundulus_leohoignei_mapa_02.jpg]
[web/pez-anual-de-tucacas.html]
[web/images/rachovia_brevis_mapa_02.jpg]
[web/rachovia-de-la-guajira.html]
[web/bryconamericus.html]
[web/images/bryconamericus_charalae_mapa_02.jpg]
[web/sardinita-del-aroa-y-yaracuy.html]
[web/moenkhausia.html]
[web/images/moenkhausia_pittieri_mapa_02.jpg]
[web/tetradiamante.html]
[web/hylidae.html]
[web/myersiohyla.html]
[web/dendropsophus.html]
[web/phytotriades.html]
[web/hemiphractidae.html]
[web/stefania.html]
[web/agalychnis.html]
[web/dendrobatidae.html]
[web/minyobates.html]
[web/aromobates.html]
[web/cryptobatrachus.html]
[web/mannophryne.html]
[web/centrolenidae.html]
[web/hyalinobatrachium.html]
[web/craugastoridae.html]
[web/pristimantis.html]
[web/images/pristimantis_lassoalcalai_mapa_02.jpg]
[web/ranita-de-lluvia-de-lasso-alcala.html]
[web/images/pristimantis_turumiquirensis_mapa_03.jpg]
[web/ranita-de-lluvia-del-turimiquire.html]
[web/images/pristimantis_pruinatus_mapa_03.jpg]
[web/ranita-de-lluvia-del-yavi.html]
[web/images/pristimantis_yuruaniensis_mapa_02.jpg]
[web/ranita-de-lluvia-del-yuruani.html]
[web/images/pristimantis_fasciatus_mapa_02.jpg]
[web/ranita-de-lluvia-listada-de-perija.html]
[web/images/myersiohyla_aromatica_mapa_02.jpg]
[web/ranita-olorosa-del-huachamacari.html]
[web/plethodontidae.html]
[web/bolitoglossa.html]
[web/images/bolitoglossa_orestes_mapa_02.jpg]
[web/salamandra-meridena.html]
[web/images/mannophryne_caquetio_mapa_02.jpg]
[web/sapito-acollarado-de-churuguara.html]
[web/images/mannophryne_leonardoi_mapa_02.jpg]
[web/sapito-acollarado-de-leonardo.html]
[web/images/mannophryne_neblina_mapa_02.jpg]
[web/sapito-acollarado-de-rancho-grande.html]
[web/amphibia2679.html]
[web/images/mannophryne_riveroi_mapa_03.jpg]
[web/sapito-acollarado-de-rivero.html]
[web/images/mannophryne_lamarcai_mapa_02.jpg]
[web/sapito-acollarado-del-socopo.html]
[web/images/atelopus_carbonerensis_mapa_02.jpg]
[web/sapito-amarillo-de-la-carbonera.html]
[web/images/atelopus_oxyrhynchus_mapa_02.jpg]
[web/sapito-amarillo-de-merida.html]
[web/images/atelopus_mucubajiensis_mapa_02.jpg]
[web/sapito-amarillo-de-mucubaji.html]
[web/images/atelopus_chrysocorallus_mapa_02.jpg]
[web/sapito-amarillo-y-rojo-de-niquitao.html]
[web/images/atelopus_sorianoi_mapa_02.jpg]
[web/sapito-anaranjado-de-san-francisco.html]
[web/images/atelopus_sp_mapa_02.jpg]
[web/sapito-arlequin-de-guaramacal.html]
[web/images/atelopus_tamaense_mapa_02.jpg]
[web/sapito-arlequin-de-tama.html]
[web/prostherapis.html]
[web/images/prostherapis_dunni_mapa_03.jpg]
[web/sapito-ninera-de-dunn.html]
[web/images/aromobates_tokuko_mapa_02.jpg]
[web/sapito-ninera-de-perija.html]
[web/anomaloglossus.html]
[web/images/anomaloglossus_murisipanensis_mapa_02.jpg]
[web/sapito-ninera-del-murisipan.html]
[web/allobates.html]
[web/images/2ida9itelaremaxnjnruu28ag.jpg]
[web/sapito-ninera-oriental.html]
[web/images/atelopus_cruciger_mapa_02.jpg]
[web/sapito-rayado.html]
[web/images/minyobates_steyermarki_mapa_02.jpg]
[web/sapito-rojo-del-yapacana.html]
[web/images/oreophrynella_huberi_mapa_02.jpg]
[web/sapito-rugoso-de-cerro-el-sol.html]
[web/images/oreophrynella_nigra_mapa_02.jpg]
[web/sapito-rugoso-del-kukenan.html]
[web/images/oreophrynella_quelchii_mapa_02.jpg]
[web/sapito-rugoso-del-roraima.html]
[web/leptodactylus.html]
[web/images/leptodactylus_sp._mapa_02.jpg]
[web/sapito-silbador-de-merida.html]
[web/images/leptodactylus_magistris_mapa_02.jpg]
[web/sapito-silbador-del-cerro-socopo.html]
[web/images/atelopus_pinangoi_mapa_02.jpg]
[web/sapito-verdirrojo-de-pinango.html]
[web/apodiformes.html]
[web/trochilidae.html]
[web/heliangelus.html]
[web/passeriformes4658.html]
[web/passeriformes9ba9.html]
[web/passeriformes.html]
[web/cardinalidae.html]
[web/formicariidae.html]
[web/thamnophilidae.html]
[web/tyrannidae.html]
[web/phyllomyias.html]
[web/thraupidae.html]
[web/hemispingus.html]
[web/poospiza.html]
[web/parulidae.html]
[web/myioborus.html]
[web/fringillidae.html]
[web/sporagra.html]
[web/spinus.html]
[web/piciformes.html]
[web/picidae.html]
[web/campephilus.html]
[web/grallaricula.html]
[web/images/grallaricula_cucullata_mapa_03.jpg]
[web/ponchito-cabecicastano.html]
[web/anhimidae.html]
[web/chauna.html]
[web/aves2679.html]
[web/clytoctantes.html]
[web/images/clytoctantes_alixii_mapa_03.jpg]
[web/hormiguero-pico-de-hoz.html]
[web/images/grallaria_excelsa_mapa_03.jpg]
[web/hormiguero-tororoi-excelso.html]
[web/images/kjotinnpjffkyuchv9kljmqj2.jpg]
[web/jilguero-cara-amarilla.html]
[web/columbidae.html]
[web/patagioenas.html]
[web/images/patagioenas_squamosa_mapa_03.jpg]
[web/paloma-islena.html]
[web/images/sarkidiornis_sylvicola_mapa_03.jpg]
[web/pato-de-monte.html]
[web/images/netta_erythrophthalma_mapa_03.jpg]
[web/pato-negro.html]
[web/cracidae.html]
[web/pauxi.html]
[web/images/pauxi_pauxi_mapa_03.jpg]
[web/pauji-copete-de-piedra.html]
[web/aburria.html]
[web/images/aburria_aburri_mapa_03.jpg]
[web/pava-negra.html]
[web/odontophoridae.html]
[web/odontophorus.html]
[web/images/odontophorus_atrifrons_mapa_03.jpg]
[web/perdiz-frentinegra.html]
[web/images/pyrilia_pyrilia_mapa_03.jpg]
[web/perico-cabecidorado.html]
[web/images/pyrrhura_caeruleiceps_mapa_03.jpg]
[web/perico-de-todd.html]
[web/images/hapalopsittaca_amazonina_mapa_03.jpg]
[web/perico-multicolor.html]
[web/asthenes.html]
[web/images/asthenes_perijana_mapa_03.jpg]
[web/piscuiz-de-perija.html]
[web/rallus.html]
[web/images/rallus_wetmorei_mapa_03.jpg]
[web/polla-de-wetmore.html]
[web/images/grallaricula_cumanensis_mapa_03.jpg]
[web/ponchito-enano-oriental.html]
[web/thripophaga.html]
[web/images/thripophaga_amacurensis_mapa_03.jpg]
[web/rabiblando-del-delta-amacuro.html]
[web/images/thripophaga_cherriei_mapa_03.jpg]
[web/rabiblando-del-orinoco.html]
[web/amaurospiza.html]
[web/images/amaurospiza_carrizalensis_mapa_03.jpg]
[web/semillero-de-carrizales.html]
[web/rajiformes.html]
[web/myliobatiformes.html]
[web/aetobatidae.html]
[web/aetobatus.html]
[web/carcharhiniformes.html]
[web/sphyrnidae.html]
[web/sphyrna.html]
[web/rhinopristiformes.html]
[web/pristidae.html]
[web/pristis.html]
[web/carcharhinidae.html]
[web/prionace.html]
[web/carcharhinus.html]
[web/lamniformes.html]
[web/lamnidae.html]
[web/isurus.html]
[web/chondrichthyes2679.html]
[web/cetacea.html]
[web/balaenopteridae.html]
[web/megaptera.html]
[web/balaenoptera.html]
[web/physeteridae.html]
[web/physeter.html]
[web/rodentia4658.html]
[web/rodentia.html]
[web/cricetidae.html]
[web/cuniculidae.html]
[web/dinomyidae.html]
[web/heteromyidae.html]
[web/echimyidae.html]
[web/olallamys.html]
[web/pattonomys.html]
[web/didelphimorphia.html]
[web/didelphidae.html]
[web/marmosops.html]
[web/paucituberculata.html]
[web/caenolestidae.html]
[web/caenolestes.html]
[web/leopardus.html]
[web/cingulata.html]
[web/dasypodidae.html]
[web/priodontes.html]
[web/perissodactyla.html]
[web/tapiridae.html]
[web/tapirus.html]
[web/cuniculus.html]
[web/images/cuniculus_taczanowskii_mapa_02.jpg]
[web/lapa-de-montana.html]
[web/atelidae.html]
[web/ateles.html]
[web/images/ateles_hybridus_mapa_02.jpg]
[web/mono-arana-norteno.html]
[web/aotidae.html]
[web/aotus.html]
[web/images/aotus_lemurinus_mapa_02.jpg]
[web/mono-de-noche-occidental.html]
[web/mormoopidae.html]
[web/pteronotus.html]
[web/images/pteronotus_paraguanensis_mapa_02.jpg]
[web/murcielago-bigotudo-de-paraguana.html]
[web/phyllostomidae.html]
[web/leptonycteris.html]
[web/images/leptonycteris_curasoae_mapa_02.jpg]
[web/murcielago-cardonero.html]
[web/molossidae.html]
[web/nyctinomops.html]
[web/images/nyctinomops_aurispinosus_mapa_03.jpg]
[web/murcielago-cola-libre-de-peale.html]
[web/mammalia2679.html]
[web/sturnira.html]
[web/images/sturnira_aratathomasi_mapa_02.jpg]
[web/murcielago-frugivoro-gigante-andino.html]
[web/lonchorhina.html]
[web/images/lonchorhina_fernandezi_mapa_03.jpg]
[web/murcielago-narigudo-menor.html]
[web/anoura.html]
[web/images/anoura_luismanueli_mapa_02.jpg]
[web/murcielago-nectarivoro-de-luis-manuel.html]
[web/soricidae.html]
[web/cryptotis.html]
[web/images/cryptotis_venezuelensis_mapa_02.jpg]
[web/musarana-de-la-serrania-del-litoral.html]
[web/images/cryptotis_aroensis_mapa_02.jpg]
[web/musarana-de-la-sierra-de-aroa.html]
[web/images/lqam1z1qwhzv8k7o0nff7joco.jpg]
[web/musarana-de-merida.html]
[web/images/cryptotis_tamensis_mapa_03.jpg]
[web/musarana-del-paramo-del-tama.html]
[web/tremarctos.html]
[web/images/tremarctos_ornatus_mapa_02.jpg]
[web/oso-frontino.html]
[web/myrmecophagidae.html]
[web/myrmecophaga.html]
[web/images/myrmecophaga_tridactyla_mapa_02.jpg]
[web/oso-palmero.html]
[web/dinomys.html]
[web/images/dinomys_branickii_mapa_02.jpg]
[web/pacarana.html]
[web/pteronura.html]
[web/images/pteronura_brasiliensis_mapa_03.jpg]
[web/perro-de-agua.html]
[web/lontra.html]
[web/images/lontra_longicaudis_mapa_02.jpg]
[web/perro-de-agua-pequeno.html]
[web/speothos.html]
[web/images/speothos_venaticus_mapa_02.jpg]
[web/perro-de-monte.html]
[web/thomasomys.html]
[web/images/thomasomys_hylophilus_mapa_02.jpg]
[web/rata-andina-olivacea.html]
[web/ichthyomys.html]
[web/images/ichthyomys_pittieri_mapa_02.jpg]
[web/rata-de-agua-de-pittier.html]
[web/images/rckgolbuqc0zv5kq0epdua21u.jpg]
[web/rata-de-bambusales.html]
[web/neusticomys.html]
[web/images/neusticomys_mussoi_mapa_02.jpg]
[web/raton-de-agua-del-tachira.html]
[web/oryzomys.html]
[web/images/oryzomys_gorgasi_mapa_02.jpg]
[web/raton-de-los-olivitos.html]
[web/aepeomys.html]
[web/images/aepeomys_reigi_mapa_02.jpg]
[web/raton-de-yacambu.html]
[web/podoxymys.html]
[web/images/podoxymys_roraimae_mapa_02.jpg]
[web/raton-del-roraima.html]
[web/heteromys.html]
[web/images/heteromys_oasicus_mapa_02.jpg]
[web/raton-mochilero-de-paraguana.html]
[web/chibchanomys.html]
[web/images/chibchanomys_trichotis_mapa_03.jpg]
[web/raton-pescador-andino.html]
[web/dactyloidae.html]
[web/anolis.html]
[web/testudines4658.html]
[web/testudines.html]
[web/pelomedusidae.html]
[web/podocnemididae.html]
[web/peltocephalus.html]
[web/chelidae.html]
[web/mesoclemmys.html]
[web/crocodilia.html]
[web/crocodylidae.html]
[web/crocodylus.html]
[web/dermochelyidae.html]
[web/dermochelys.html]
[web/cheloniidae.html]
[web/eretmochelys.html]
[web/images/euspondylus_monsfumus_mapa_02.jpg]
[web/lagartija-de-cerro-humo.html]
[web/mabuya.html]
[web/images/mabuya_croizati_mapa_02.jpg]
[web/lagartija-lucia-del-turimiquire.html]
[web/ameiva.html]
[web/images/ameiva_provitae_mapa_02.jpg]
[web/lagartijo-trompa-roja.html]
[web/images/rhinoclemmys_flammigera_mapa_02.jpg]
[web/morrocoy-negro.html]
[web/images/podocnemis_unifilis_mapa_02.jpg]
[web/terecay.html]
[web/reptilia2679.html]
[web/scleractinia.html]
[web/acroporidae.html]
[web/acropora.html]
[web/merulinidae.html]
[web/orbicella.html]
[web/caenogastropoda.html]
[web/strombidae.html]
[web/lobatos.html]
[web/neogastropoda.html]
[web/volutidae.html]
[web/voluta.html]
[web/cypraeidae.html]
[web/muracypraea.html]
[web/vetigastropoda.html]
[web/tegulidae.html]
[web/cittarium.html]
[web/lithogenes.html]
[web/atelopus.html]
[web/mimidae.html]
[web/margarops.html]
[web/cathartiformes.html]
[web/cathartidae.html]
[web/vultur.html]
[web/cordylancistrus.html]
[web/grallariidae.html]
[web/grallaria.html]
[web/pedaliodes.html]
[web/redonda.html]
[web/serranidae.html]
[web/epinephelus.html]
[web/en-peligro-critico2679.html]
[web/en-peligro2679.html]
[web/en-peligro0b08.html]
[web/en-peligro1448.html]
[web/vulnerable2679.html]
[web/vulnerable0b08.html]
[web/vulnerable1448.html]
[web/vulnerable1c8b.html]
[web/vulnerablece37.html]
[web/referencias2679.html]
[web/referenciasce37.html]
[web/referencias0b08.html]
[web/referencias8c93.html]
[web/referencias1448.html]
[web/referenciasa7f1.html]
[web/referencias1c8b.html]
[web/referencias68c2.html]
[web/referenciasbdf9.html]
[web/referencias02d1.html]
[web/referencias6ee8.html]
[web/referencias4618.html]
[web/referencias3a0d.html]
[web/referenciasa27b.html]
[web/referencias96d9.html]
[web/referenciasb5a4.html]
[web/referenciasce53.html]
[web/anura2679.html]
[web/anura4658.html]
[web/anura9ba9.html]
[web/anurafdb0.html]
[web/anuraaf4d.html]
[web/caudata.html]
[web/bufonidae2679.html]
[web/bufonidae4658.html]
[web/aromobatidae.html]
[web/leptodactylidae.html]
[web/columbiformes.html]
[web/falconiformes.html]
[web/galliformes.html]
[web/gruiformes.html]
[web/gymnophtalmidae.html]
[web/netta.html]
[web/sarkidiornis.html]
[web/artiodactyla.html]
[web/chiroptera.html]
[web/eulipotyphla.html]
[web/pilosa.html]
[web/primates.html]
[web/canidae.html]
[web/mustelidae.html]
[web/procyonidae.html]
[web/ursidae.html]
[web/ara.html]
[web/hapalopsittaca.html]
[web/pyrilia.html]
[web/pyrrhura.html]
[web/lepidoptera2679.html]
[web/lepidoptera4658.html]
[web/lepidoptera9ba9.html]
[web/lepidopterafdb0.html]
[web/nymphalidae2679.html]
[web/nymphalidae4658.html]
[web/nymphalidae9ba9.html]
[web/hesperiidae.html]
[web/lycaenidae.html]
[web/pieridae.html]
[web/altopedaliodes.html]
[web/dangond.html]
[web/lymanopoda.html]
[web/philaethria.html]
[web/pronophila.html]
[web/megapodagrionidae.html]
[web/philogenia.html]
[web/sciotropis.html]
[web/scarabaeidae.html]
[web/ateuchus.html]
[web/dytiscidae.html]
[web/trogloguignotus.html]
[web/eurysternus.html]
[web/canthonella.html]
[web/cryptocanthon.html]
[web/ministrymon.html]
[web/theorema.html]
[web/catasticta.html]
[web/ardaris.html]
[web/hylephila.html]
[web/libellulidae.html]
[web/sympetrum.html]
[web/sulcophanaeus.html]
[web/atheriniformes.html]
[web/characiformes.html]
[web/cyprinodontiformes.html]
[web/syngnathiformes.html]
[web/cichlidae.html]
[web/siluriformes2679.html]
[web/siluriformes4658.html]
[web/siluriformes9ba9.html]
[web/loricariidae2679.html]
[web/loricariidae4658.html]
[web/aspredinidae.html]
[web/heptapteridae.html]
[web/pimelodidae.html]
[web/pseudopimelodidae.html]
[web/trichomycteridae.html]
[web/chaetostoma.html]
[web/fonchiiichthys.html]
[web/rineloricaria.html]
[web/squamata2679.html]
[web/squamata4658.html]
[web/chelonia.html]
[web/colubridae.html]
[web/gekkonidae.html]
[web/polychrotidae.html]
[web/scincidae.html]
[web/sphaerodactylidae.html]
[web/teiidae.html]
[web/viperidae.html]
[web/euspondylus.html]
[web/cetopsorhamdia.html]
[web/brachyplatystoma.html]
[web/trichomycterus.html]
[web/sorubimichthys.html]
[web/dupouyichthys.html]
[web/sorubim.html]
[web/batrochoglanis.html]
[web/prochilodontidae.html]
[web/prochilodus.html]
[web/syngnathidae.html]
[web/hippocampus.html]
[web/characidae.html]
[web/serrasalmus.html]
[web/podocnemis.html]
[web/basileuterus.html]
[web/aglaiocercus.html]
[web/metallura.html]
[web/hylonympha.html]
[web/emberizidae.html]
[web/arremon.html]
[web/rallidae.html]
[web/laterallus.html]
[web/chordatace37.html]
[web/chordata8c93.html]
[web/creagrutus.html]
[web/diglossa.html]
[web/furnariidae.html]
[web/premnoplex.html]
[web/geoemydidae.html]
[web/rhinoclemmys.html]
[web/nasuella.html]
[web/lepidochelys.html]
[web/alopiidae.html]
[web/alopias.html]
[web/atractus.html]
[web/atherinopsidae.html]
[web/atherinella.html]
[web/delphinidae.html]
[web/sotalia.html]
[web/iniidae.html]
[web/inia.html]
[web/caretta.html]
[web/chelonia-2.html]
[web/lepidoblepharis.html]
[web/cervidae.html]
[web/odocoileus.html]
[web/mazama.html]
[web/bothrops.html]
[web/triakidae.html]
[web/mustelus.html]
[web/platysilurus.html]
[web/curimatidae.html]
[web/potamorhina.html]
[web/mylossoma.html]
[web/cichla.html]
[web/rivulidae.html]
[web/rachovia.html]
[web/austrofundulus.html]
[web/bryconamericus.html]
[web/moenkhausia.html]
[web/myersiohyla.html]
[web/minyobates.html]
[web/plethodontidae.html]
[web/bolitoglossa.html]
[web/prostherapis.html]
[web/anomaloglossus.html]
[web/allobates.html]
[web/leptodactylus.html]
[web/passeriformes2679.html]
[web/passeriformes4658.html]
[web/passeriformes9ba9.html]
[web/cardinalidae.html]
[web/formicariidae.html]
[web/thamnophilidae.html]
[web/hemispingus.html]
[web/sporagra.html]
[web/grallaricula.html]
[web/clytoctantes.html]
[web/columbidae.html]
[web/patagioenas.html]
[web/cracidae.html]
[web/pauxi.html]
[web/aburria.html]
[web/odontophoridae.html]
[web/odontophorus.html]
[web/asthenes.html]
[web/rallus.html]
[web/thripophaga.html]
[web/amaurospiza.html]
[web/rajiformes.html]
[web/rodentia2679.html]
[web/rodentia4658.html]
[web/cricetidae.html]
[web/cuniculidae.html]
[web/dinomyidae.html]
[web/heteromyidae.html]
[web/olallamys.html]
[web/cuniculus.html]
[web/atelidae.html]
[web/ateles.html]
[web/aotidae.html]
[web/aotus.html]
[web/mormoopidae.html]
[web/pteronotus.html]
[web/phyllostomidae.html]
[web/leptonycteris.html]
[web/molossidae.html]
[web/nyctinomops.html]
[web/sturnira.html]
[web/lonchorhina.html]
[web/anoura.html]
[web/soricidae.html]
[web/cryptotis.html]
[web/tremarctos.html]
[web/myrmecophagidae.html]
[web/myrmecophaga.html]
[web/dinomys.html]
[web/pteronura.html]
[web/lontra.html]
[web/speothos.html]
[web/thomasomys.html]
[web/ichthyomys.html]
[web/neusticomys.html]
[web/oryzomys.html]
[web/aepeomys.html]
[web/podoxymys.html]
[web/heteromys.html]
[web/chibchanomys.html]
[web/testudines2679.html]
[web/testudines4658.html]
[web/pelomedusidae.html]
[web/mabuya.html]
[web/ameiva.html]
[web/referencias5760.html]
[web/referenciasce37.html]
[web/referencias42a7.html]
[web/referencias8c93.html]
[web/referencias5c43.html]
[web/referenciasa7f1.html]
[web/referencias44a3.html]
[web/referenciasbdf9.html]
[web/referencias060d.html]
[web/referencias89dd.html]
[web/referencias02d1.html]
[web/referencias6ee8.html]
[web/anura2679.html]
[web/bufonidae2679.html]
[web/lepidoptera2679.html]
[web/nymphalidae2679.html]
[web/siluriformes2679.html]
[web/loricariidae2679.html]
[web/squamata2679.html]
[web/passeriformes2679.html]
[web/rodentia2679.html]
[web/testudines2679.html]
[web/referencias9683.html]
[web/referencias5760.html]
[web/referencias7537.html]
[web/referencias42a7.html]
[web/referenciasf62c.html]
[web/referencias5c43.html]
[web/referencias708f.html]
[web/referencias44a3.html]
[web/referencias7251.html]
[web/referenciascadd.html]
[web/referencias060d.html]
[web/referencias89dd.html]
[web/referenciase4a7.html]
[web/referencias9683.html]
[web/referencias3c09.html]
[web/referencias7537.html]
[web/referencias89ae.html]
[web/referenciasf62c.html]
[web/referencias324e.html]
[web/referencias708f.html]
[web/referencias6c2f.html]
[web/referencias3963.html]
[web/referencias7251.html]
[web/referenciascadd.html]
[web/referencias1d82.html]
[web/referenciase4a7.html]
[web/referencias8c06.html]
[web/referencias3c09.html]
[web/referencias19d2.html]
[web/referencias89ae.html]
[web/referenciasce8a.html]
[web/referencias324e.html]
[web/referencias763c.html]
[web/referencias8b08.html]
[web/referencias6c2f.html]
[web/referencias3963.html]
[web/referencias2459.html]
[web/referencias1d82.html]
[web/referenciase459.html]
[web/referencias8c06.html]
[web/referencias219f.html]
[web/referencias19d2.html]
[web/referenciasf497.html]
[web/referenciasce8a.html]
[web/referenciase24e.html]
[web/referencias09f5.html]
[web/referencias763c.html]
[web/referencias8b08.html]
[web/referenciasb385.html]
[web/referencias2459.html]
[web/referenciasdcf3.html]
[web/referenciase459.html]
[web/referenciasfa9c.html]
[web/referencias219f.html]
[web/referenciase51f.html]
[web/referenciasf497.html]
[web/referenciasbd1b.html]
[web/referenciase24e.html]
[web/referencias09f5.html]
[web/referenciasb385.html]
[web/referenciasdcf3.html]
[web/referenciasfa9c.html]
[web/referenciase51f.html]
[web/referenciasbd1b.html]
